#
# There is insufficient memory for the Java Runtime Environment to continue.
# Native memory allocation (malloc) failed to allocate 975056 bytes. Error detail: Chunk::new
# Possible reasons:
#   The system is out of physical RAM or swap space
#   This process is running with CompressedOops enabled, and the Java Heap may be blocking the growth of the native heap
# Possible solutions:
#   Reduce memory load on the system
#   Increase physical memory or swap space
#   Check if swap backing store is full
#   Decrease Java heap size (-Xmx/-Xms)
#   Decrease number of Java threads
#   Decrease Java thread stack sizes (-Xss)
#   Set larger code cache with -XX:ReservedCodeCacheSize=
#   JVM is running with Zero Based Compressed Oops mode in which the Java heap is
#     placed in the first 32GB address space. The Java Heap base address is the
#     maximum limit for the native heap growth. Please use -XX:HeapBaseMinAddress
#     to set the Java Heap base and to place the Java Heap above 32GB virtual address.
# This output file may be truncated or incomplete.
#
#  Out of Memory Error (arena.cpp:150), pid=9052, tid=5100
#
# JRE version: Java(TM) SE Runtime Environment (22.0.2+9) (build 22.0.2+9-70)
# Java VM: Java HotSpot(TM) 64-Bit Server VM (22.0.2+9-70, mixed mode, sharing, tiered, compressed oops, compressed class ptrs, g1 gc, windows-amd64)
# No core dump will be written. Minidumps are not enabled by default on client versions of Windows
#

---------------  S U M M A R Y ------------

Command Line: --add-opens=java.base/java.lang=ALL-UNNAMED --add-opens=java.base/java.lang.invoke=ALL-UNNAMED --add-opens=java.base/java.util=ALL-UNNAMED --add-opens=java.prefs/java.util.prefs=ALL-UNNAMED --add-exports=jdk.compiler/com.sun.tools.javac.api=ALL-UNNAMED --add-exports=jdk.compiler/com.sun.tools.javac.util=ALL-UNNAMED --add-opens=java.base/java.util=ALL-UNNAMED --add-opens=java.prefs/java.util.prefs=ALL-UNNAMED --add-opens=java.base/java.nio.charset=ALL-UNNAMED --add-opens=java.base/java.net=ALL-UNNAMED --add-opens=java.base/java.util.concurrent.atomic=ALL-UNNAMED --add-opens=java.xml/javax.xml.namespace=ALL-UNNAMED -XX:MaxMetaspaceSize=4G -XX:ReservedCodeCacheSize=512m -XX:+HeapDumpOnOutOfMemoryError -Xmx8G -Dfile.encoding=UTF-8 -Duser.country=ID -Duser.language=id -Duser.variant -javaagent:C:\Users\ADVAN\.gradle\wrapper\dists\gradle-8.14-all\c2qonpi39x1mddn7hk5gh9iqj\gradle-8.14\lib\agents\gradle-instrumentation-agent-8.14.jar org.gradle.launcher.daemon.bootstrap.GradleDaemon 8.14

Host: AMD Ryzen 5 6600H with Radeon Graphics         , 12 cores, 15G,  Windows 11 , 64 bit Build 26100 (10.0.26100.8246)
Time: Sat May  9 15:11:11 2026 SE Asia Standard Time elapsed time: 39.625659 seconds (0d 0h 0m 39s)

---------------  T H R E A D  ---------------

Current thread (0x000001ac23f6f280):  JavaThread "C2 CompilerThread1" daemon [_thread_in_native, id=5100, stack(0x0000009fe4800000,0x0000009fe4900000) (1024K)]


Current CompileTask:
C2:39625 13210       4       java.lang.reflect.Method::invoke (108 bytes)

Stack: [0x0000009fe4800000,0x0000009fe4900000]
Native frames: (J=compiled Java code, j=interpreted, Vv=VM code, C=native code)
V  [jvm.dll+0x6e26e9]  (no source info available)
V  [jvm.dll+0x875753]  (no source info available)
V  [jvm.dll+0x877b7e]  (no source info available)
V  [jvm.dll+0x878253]  (no source info available)
V  [jvm.dll+0x27fc86]  (no source info available)
V  [jvm.dll+0xc3d0f]  (no source info available)
V  [jvm.dll+0xc3f6b]  (no source info available)
V  [jvm.dll+0x3bb47c]  (no source info available)
V  [jvm.dll+0x1df6ae]  (no source info available)
V  [jvm.dll+0x24793c]  (no source info available)
V  [jvm.dll+0x246e9f]  (no source info available)
V  [jvm.dll+0x1c4e80]  (no source info available)
V  [jvm.dll+0x2568f3]  (no source info available)
V  [jvm.dll+0x254baa]  (no source info available)
V  [jvm.dll+0x3f57a6]  (no source info available)
V  [jvm.dll+0x81dc0b]  (no source info available)
V  [jvm.dll+0x6e0d85]  (no source info available)
C  [ucrtbase.dll+0x37b0]  (no source info available)
C  [KERNEL32.DLL+0x2e8d7]  (no source info available)
C  [ntdll.dll+0x8c3fc]  (no source info available)


---------------  P R O C E S S  ---------------

Threads class SMR info:
_java_thread_list=0x000001ac217adba0, length=169, elements={
0x000001aba2011db0, 0x000001abd4caafa0, 0x000001abd4cae730, 0x000001abd4cb35b0,
0x000001abd4cb4140, 0x000001abd4cb86f0, 0x000001abd4cb6a30, 0x000001abd4cc1c30,
0x000001abd4cc2af0, 0x000001abd7987350, 0x000001abd7bbf630, 0x000001ac1e17de30,
0x000001ac1d4c1c10, 0x000001ac1ee95a40, 0x000001ac1ee4cbe0, 0x000001ac1ee4d250,
0x000001ac1ee00d50, 0x000001ac1edfe5f0, 0x000001ac1edfdf60, 0x000001ac1edff310,
0x000001ac1edfd8d0, 0x000001ac1ee00030, 0x000001ac1edfec80, 0x000001ac1edff9a0,
0x000001ac1f525e10, 0x000001ac1f5264a0, 0x000001ac1f5243d0, 0x000001ac1f525780,
0x000001ac1f523d40, 0x000001ac1f524a60, 0x000001ac1f527ee0, 0x000001ac1f528570,
0x000001ac1f5271c0, 0x000001ac1f52b360, 0x000001ac1f52acd0, 0x000001ac1f529290,
0x000001ac1f529fb0, 0x000001ac1f52a640, 0x000001ac20152b30, 0x000001ac20153ee0,
0x000001ac201531c0, 0x000001ac20150a60, 0x000001ac20154570, 0x000001ac201510f0,
0x000001ac201579f0, 0x000001ac20155fb0, 0x000001ac20156cd0, 0x000001ac20156640,
0x000001ac1ffaa330, 0x000001ac1ffa8f80, 0x000001ac1ffa7540, 0x000001ac1ffa6eb0,
0x000001ac1ffab050, 0x000001ac1ffa7bd0, 0x000001ac1ffaa9c0, 0x000001ac1ffa8260,
0x000001ac1ffa9ca0, 0x000001ac1ffa88f0, 0x000001ac1ffab6e0, 0x000001ac1ffa9610,
0x000001ac1ffabd70, 0x000001ac1ffae4d0, 0x000001ac1ffac400, 0x000001ac1ffade40,
0x000001ac1ffaca90, 0x000001ac1ffad120, 0x000001ac1ffad7b0, 0x000001ac20ddf100,
0x000001ac20de1860, 0x000001ac20ddf790, 0x000001ac20ddea70, 0x000001ac20ddfe20,
0x000001ac20de2c10, 0x000001ac20de1ef0, 0x000001ac20de04b0, 0x000001ac20de2580,
0x000001ac20de32a0, 0x000001ac20de3930, 0x000001ac20de0b40, 0x000001ac20de5a00,
0x000001ac200b9390, 0x000001ac200b5f10, 0x000001ac200b9a20, 0x000001ac200b6c30,
0x000001ac200b65a0, 0x000001ac200ba0b0, 0x000001ac200ba740, 0x000001ac200bcea0,
0x000001ac200bb460, 0x000001ac200badd0, 0x000001ac200bbaf0, 0x000001ac200bc180,
0x000001ac200bc810, 0x000001ac200bd530, 0x000001ac1ddbcac0, 0x000001ac1ddbb080,
0x000001ac1ddbc430, 0x000001ac1ddbb710, 0x000001ac1ddbde70, 0x000001ac1ddbd150,
0x000001ac1ddbd7e0, 0x000001ac1ddbbda0, 0x000001ac1ddba9f0, 0x000001ac1ddbf8b0,
0x000001ac1ddc12f0, 0x000001ac1ddbff40, 0x000001ac1ddbeb90, 0x000001ac1ddbf220,
0x000001ac1ddc05d0, 0x000001ac1ddc0c60, 0x000001ac1ddc1980, 0x000001ac1ddbe500,
0x000001ac1ddc2010, 0x000001ac1de89d00, 0x000001ac1de8bdd0, 0x000001ac1de88fe0,
0x000001ac1de8aa20, 0x000001ac1de8b0b0, 0x000001ac1de8b740, 0x000001ac1de88950,
0x000001ac1de8c460, 0x000001ac1de89670, 0x000001ac1de8caf0, 0x000001ac1de8d180,
0x000001ac1de8d810, 0x000001ac1de8a390, 0x000001ac1de8f250, 0x000001ac1de8f8e0,
0x000001ac1de8ff70, 0x000001ac1f43d710, 0x000001ac1f43afb0, 0x000001ac1f43b640,
0x000001ac1f43c9f0, 0x000001ac1f43dda0, 0x000001ac1f43eac0, 0x000001ac1f43f150,
0x000001ac1f43bcd0, 0x000001ac1f43f7e0, 0x000001ac1f43c360, 0x000001ac1f441f40,
0x000001ac1f440b90, 0x000001ac1f4418b0, 0x000001ac1f441220, 0x000001ac1f4425d0,
0x000001ac1f43fe70, 0x000001ac1f440500, 0x000001ac1fe4d1d0, 0x000001ac1fe4aa70,
0x000001ac1fe4d860, 0x000001ac1fe4c4b0, 0x000001ac1fe4a3e0, 0x000001ac1fe4b100,
0x000001ac1fe4e580, 0x000001ac1fe4ec10, 0x000001ac1fe4b790, 0x000001ac1fe4be20,
0x000001ac1fe4f2a0, 0x000001ac1fe4cb40, 0x000001ac1fe4def0, 0x000001ac1fe50ce0,
0x000001ac1fe51370, 0x000001ac1fe4ffc0, 0x000001ac1fe51a00, 0x000001ac1fe52090,
0x000001ac1fe50650, 0x000001ac1fe52720, 0x000001ac1fe52db0, 0x000001ac1fe57c70,
0x000001ac23f6f280
}

Java Threads: ( => current thread )
  0x000001aba2011db0 JavaThread "main"                              [_thread_blocked, id=22392, stack(0x0000009fd9800000,0x0000009fd9900000) (1024K)]
  0x000001abd4caafa0 JavaThread "Reference Handler"          daemon [_thread_blocked, id=19268, stack(0x0000009fda000000,0x0000009fda100000) (1024K)]
  0x000001abd4cae730 JavaThread "Finalizer"                  daemon [_thread_blocked, id=15284, stack(0x0000009fda100000,0x0000009fda200000) (1024K)]
  0x000001abd4cb35b0 JavaThread "Signal Dispatcher"          daemon [_thread_blocked, id=8588, stack(0x0000009fda200000,0x0000009fda300000) (1024K)]
  0x000001abd4cb4140 JavaThread "Attach Listener"            daemon [_thread_blocked, id=12280, stack(0x0000009fda300000,0x0000009fda400000) (1024K)]
  0x000001abd4cb86f0 JavaThread "Service Thread"             daemon [_thread_blocked, id=19148, stack(0x0000009fda400000,0x0000009fda500000) (1024K)]
  0x000001abd4cb6a30 JavaThread "Monitor Deflation Thread"   daemon [_thread_blocked, id=2904, stack(0x0000009fda500000,0x0000009fda600000) (1024K)]
  0x000001abd4cc1c30 JavaThread "C2 CompilerThread0"         daemon [_thread_in_native, id=15972, stack(0x0000009fda600000,0x0000009fda700000) (1024K)]
  0x000001abd4cc2af0 JavaThread "C1 CompilerThread0"         daemon [_thread_blocked, id=18740, stack(0x0000009fda700000,0x0000009fda800000) (1024K)]
  0x000001abd7987350 JavaThread "Common-Cleaner"             daemon [_thread_blocked, id=13200, stack(0x0000009fda800000,0x0000009fda900000) (1024K)]
  0x000001abd7bbf630 JavaThread "Notification Thread"        daemon [_thread_blocked, id=2204, stack(0x0000009fda900000,0x0000009fdaa00000) (1024K)]
  0x000001ac1e17de30 JavaThread "Daemon health stats"               [_thread_blocked, id=17260, stack(0x0000009fdb000000,0x0000009fdb100000) (1024K)]
  0x000001ac1d4c1c10 JavaThread "Incoming local TCP Connector on port 53532"        [_thread_in_native, id=13156, stack(0x0000009fdb100000,0x0000009fdb200000) (1024K)]
  0x000001ac1ee95a40 JavaThread "Daemon periodic checks"            [_thread_blocked, id=16180, stack(0x0000009fdb700000,0x0000009fdb800000) (1024K)]
  0x000001ac1ee4cbe0 JavaThread "Daemon"                            [_thread_blocked, id=13044, stack(0x0000009fdb800000,0x0000009fdb900000) (1024K)]
  0x000001ac1ee4d250 JavaThread "Handler for socket connection from /127.0.0.1:53532 to /127.0.0.1:53533"        [_thread_in_native, id=18608, stack(0x0000009fdb900000,0x0000009fdba00000) (1024K)]
  0x000001ac1ee00d50 JavaThread "Cancel handler"                    [_thread_blocked, id=11996, stack(0x0000009fdba00000,0x0000009fdbb00000) (1024K)]
  0x000001ac1edfe5f0 JavaThread "Daemon worker"                     [_thread_in_vm, id=22348, stack(0x0000009fdbb00000,0x0000009fdbc00000) (1024K)]
  0x000001ac1edfdf60 JavaThread "Asynchronous log dispatcher for DefaultDaemonConnection: socket connection from /127.0.0.1:53532 to /127.0.0.1:53533"        [_thread_blocked, id=16432, stack(0x0000009fdbc00000,0x0000009fdbd00000) (1024K)]
  0x000001ac1edff310 JavaThread "Stdin handler"                     [_thread_blocked, id=15516, stack(0x0000009fdbd00000,0x0000009fdbe00000) (1024K)]
  0x000001ac1edfd8d0 JavaThread "Daemon client event forwarder"        [_thread_blocked, id=10132, stack(0x0000009fdbe00000,0x0000009fdbf00000) (1024K)]
  0x000001ac1ee00030 JavaThread "Cache worker for journal cache (C:\Users\ADVAN\.gradle\caches\journal-1)"        [_thread_blocked, id=2520, stack(0x0000009fdbf00000,0x0000009fdc000000) (1024K)]
  0x000001ac1edfec80 JavaThread "File lock request listener"        [_thread_in_native, id=19856, stack(0x0000009fdc000000,0x0000009fdc100000) (1024K)]
  0x000001ac1edff9a0 JavaThread "Cache worker for file hash cache (C:\Users\ADVAN\.gradle\caches\8.14\fileHashes)"        [_thread_blocked, id=22160, stack(0x0000009fdc100000,0x0000009fdc200000) (1024K)]
  0x000001ac1f525e10 JavaThread "Cache worker for file hash cache (D:\pemrograman-mobile\09 Kamera\kamera_flutter\android\.gradle\8.14\fileHashes)"        [_thread_blocked, id=19944, stack(0x0000009fdc400000,0x0000009fdc500000) (1024K)]
  0x000001ac1f5264a0 JavaThread "Cache worker for Build Output Cleanup Cache (D:\pemrograman-mobile\09 Kamera\kamera_flutter\android\.gradle\buildOutputCleanup)"        [_thread_blocked, id=17348, stack(0x0000009fdc500000,0x0000009fdc600000) (1024K)]
  0x000001ac1f5243d0 JavaThread "File watcher server"        daemon [_thread_in_native, id=22512, stack(0x0000009fdc600000,0x0000009fdc700000) (1024K)]
  0x000001ac1f525780 JavaThread "File watcher consumer"      daemon [_thread_blocked, id=6540, stack(0x0000009fdc700000,0x0000009fdc800000) (1024K)]
  0x000001ac1f523d40 JavaThread "jar transforms"                    [_thread_blocked, id=16220, stack(0x0000009fdc800000,0x0000009fdc900000) (1024K)]
  0x000001ac1f524a60 JavaThread "jar transforms Thread 2"           [_thread_blocked, id=21324, stack(0x0000009fdc900000,0x0000009fdca00000) (1024K)]
  0x000001ac1f527ee0 JavaThread "jar transforms Thread 3"           [_thread_blocked, id=21600, stack(0x0000009fdca00000,0x0000009fdcb00000) (1024K)]
  0x000001ac1f528570 JavaThread "jar transforms Thread 4"           [_thread_blocked, id=21280, stack(0x0000009fdcb00000,0x0000009fdcc00000) (1024K)]
  0x000001ac1f5271c0 JavaThread "jar transforms Thread 5"           [_thread_blocked, id=11416, stack(0x0000009fdcc00000,0x0000009fdcd00000) (1024K)]
  0x000001ac1f52b360 JavaThread "Cache worker for checksums cache (D:\pemrograman-mobile\09 Kamera\kamera_flutter\android\.gradle\8.14\checksums)"        [_thread_blocked, id=14732, stack(0x0000009fdcd00000,0x0000009fdce00000) (1024K)]
  0x000001ac1f52acd0 JavaThread "Cache worker for file content cache (C:\Users\ADVAN\.gradle\caches\8.14\fileContent)"        [_thread_blocked, id=4308, stack(0x0000009fdce00000,0x0000009fdcf00000) (1024K)]
  0x000001ac1f529290 JavaThread "jar transforms Thread 6"           [_thread_blocked, id=15224, stack(0x0000009fdcf00000,0x0000009fdd000000) (1024K)]
  0x000001ac1f529fb0 JavaThread "jar transforms Thread 7"           [_thread_blocked, id=10164, stack(0x0000009fdd000000,0x0000009fdd100000) (1024K)]
  0x000001ac1f52a640 JavaThread "jar transforms Thread 8"           [_thread_blocked, id=17412, stack(0x0000009fdd100000,0x0000009fdd200000) (1024K)]
  0x000001ac20152b30 JavaThread "jar transforms Thread 9"           [_thread_blocked, id=7080, stack(0x0000009fdd200000,0x0000009fdd300000) (1024K)]
  0x000001ac20153ee0 JavaThread "jar transforms Thread 10"          [_thread_blocked, id=16576, stack(0x0000009fdd300000,0x0000009fdd400000) (1024K)]
  0x000001ac201531c0 JavaThread "jar transforms Thread 11"          [_thread_blocked, id=6388, stack(0x0000009fdd400000,0x0000009fdd500000) (1024K)]
  0x000001ac20150a60 JavaThread "jar transforms Thread 12"          [_thread_blocked, id=2780, stack(0x0000009fdd500000,0x0000009fdd600000) (1024K)]
  0x000001ac20154570 JavaThread "Cache worker for cache directory md-supplier (C:\Users\ADVAN\.gradle\caches\8.14\md-supplier)"        [_thread_blocked, id=16752, stack(0x0000009fdd600000,0x0000009fdd700000) (1024K)]
  0x000001ac201510f0 JavaThread "Cache worker for cache directory md-rule (C:\Users\ADVAN\.gradle\caches\8.14\md-rule)"        [_thread_blocked, id=14348, stack(0x0000009fdd700000,0x0000009fdd800000) (1024K)]
  0x000001ac201579f0 JavaThread "Cache worker for Build Output Cleanup Cache (C:\src\flutter\packages\flutter_tools\gradle\.gradle\buildOutputCleanup)"        [_thread_blocked, id=7588, stack(0x0000009fdd800000,0x0000009fdd900000) (1024K)]
  0x000001ac20155fb0 JavaThread "Unconstrained build operations"        [_thread_blocked, id=21276, stack(0x0000009fdd900000,0x0000009fdda00000) (1024K)]
  0x000001ac20156cd0 JavaThread "Unconstrained build operations Thread 2"        [_thread_blocked, id=16680, stack(0x0000009fdda00000,0x0000009fddb00000) (1024K)]
  0x000001ac20156640 JavaThread "Unconstrained build operations Thread 3"        [_thread_blocked, id=1768, stack(0x0000009fddb00000,0x0000009fddc00000) (1024K)]
  0x000001ac1ffaa330 JavaThread "Unconstrained build operations Thread 4"        [_thread_blocked, id=16744, stack(0x0000009fddc00000,0x0000009fddd00000) (1024K)]
  0x000001ac1ffa8f80 JavaThread "Unconstrained build operations Thread 5"        [_thread_blocked, id=1940, stack(0x0000009fddd00000,0x0000009fdde00000) (1024K)]
  0x000001ac1ffa7540 JavaThread "Unconstrained build operations Thread 6"        [_thread_blocked, id=19616, stack(0x0000009fdde00000,0x0000009fddf00000) (1024K)]
  0x000001ac1ffa6eb0 JavaThread "Unconstrained build operations Thread 7"        [_thread_blocked, id=9384, stack(0x0000009fddf00000,0x0000009fde000000) (1024K)]
  0x000001ac1ffab050 JavaThread "Unconstrained build operations Thread 8"        [_thread_blocked, id=20940, stack(0x0000009fde000000,0x0000009fde100000) (1024K)]
  0x000001ac1ffa7bd0 JavaThread "Unconstrained build operations Thread 9"        [_thread_blocked, id=5296, stack(0x0000009fde100000,0x0000009fde200000) (1024K)]
  0x000001ac1ffaa9c0 JavaThread "Unconstrained build operations Thread 10"        [_thread_blocked, id=1276, stack(0x0000009fde200000,0x0000009fde300000) (1024K)]
  0x000001ac1ffa8260 JavaThread "Unconstrained build operations Thread 11"        [_thread_blocked, id=16256, stack(0x0000009fde300000,0x0000009fde400000) (1024K)]
  0x000001ac1ffa9ca0 JavaThread "Unconstrained build operations Thread 12"        [_thread_blocked, id=20512, stack(0x0000009fde400000,0x0000009fde500000) (1024K)]
  0x000001ac1ffa88f0 JavaThread "Unconstrained build operations Thread 13"        [_thread_blocked, id=20744, stack(0x0000009fde500000,0x0000009fde600000) (1024K)]
  0x000001ac1ffab6e0 JavaThread "Unconstrained build operations Thread 14"        [_thread_blocked, id=7216, stack(0x0000009fde600000,0x0000009fde700000) (1024K)]
  0x000001ac1ffa9610 JavaThread "Unconstrained build operations Thread 15"        [_thread_blocked, id=2212, stack(0x0000009fde700000,0x0000009fde800000) (1024K)]
  0x000001ac1ffabd70 JavaThread "Unconstrained build operations Thread 16"        [_thread_blocked, id=22396, stack(0x0000009fde800000,0x0000009fde900000) (1024K)]
  0x000001ac1ffae4d0 JavaThread "Unconstrained build operations Thread 17"        [_thread_blocked, id=15852, stack(0x0000009fde900000,0x0000009fdea00000) (1024K)]
  0x000001ac1ffac400 JavaThread "Unconstrained build operations Thread 18"        [_thread_blocked, id=15148, stack(0x0000009fdea00000,0x0000009fdeb00000) (1024K)]
  0x000001ac1ffade40 JavaThread "Unconstrained build operations Thread 19"        [_thread_blocked, id=22520, stack(0x0000009fdeb00000,0x0000009fdec00000) (1024K)]
  0x000001ac1ffaca90 JavaThread "Unconstrained build operations Thread 20"        [_thread_blocked, id=1288, stack(0x0000009fdec00000,0x0000009fded00000) (1024K)]
  0x000001ac1ffad120 JavaThread "Unconstrained build operations Thread 21"        [_thread_blocked, id=352, stack(0x0000009fded00000,0x0000009fdee00000) (1024K)]
  0x000001ac1ffad7b0 JavaThread "Unconstrained build operations Thread 22"        [_thread_blocked, id=13620, stack(0x0000009fdee00000,0x0000009fdef00000) (1024K)]
  0x000001ac20ddf100 JavaThread "Unconstrained build operations Thread 23"        [_thread_blocked, id=7912, stack(0x0000009fdef00000,0x0000009fdf000000) (1024K)]
  0x000001ac20de1860 JavaThread "Unconstrained build operations Thread 24"        [_thread_blocked, id=8136, stack(0x0000009fdf000000,0x0000009fdf100000) (1024K)]
  0x000001ac20ddf790 JavaThread "Unconstrained build operations Thread 25"        [_thread_blocked, id=21576, stack(0x0000009fdf100000,0x0000009fdf200000) (1024K)]
  0x000001ac20ddea70 JavaThread "Unconstrained build operations Thread 26"        [_thread_blocked, id=13520, stack(0x0000009fdf200000,0x0000009fdf300000) (1024K)]
  0x000001ac20ddfe20 JavaThread "Unconstrained build operations Thread 27"        [_thread_blocked, id=9416, stack(0x0000009fdf300000,0x0000009fdf400000) (1024K)]
  0x000001ac20de2c10 JavaThread "Unconstrained build operations Thread 28"        [_thread_blocked, id=15752, stack(0x0000009fdf400000,0x0000009fdf500000) (1024K)]
  0x000001ac20de1ef0 JavaThread "Unconstrained build operations Thread 29"        [_thread_blocked, id=9524, stack(0x0000009fdf500000,0x0000009fdf600000) (1024K)]
  0x000001ac20de04b0 JavaThread "Unconstrained build operations Thread 30"        [_thread_blocked, id=7728, stack(0x0000009fdf600000,0x0000009fdf700000) (1024K)]
  0x000001ac20de2580 JavaThread "Unconstrained build operations Thread 31"        [_thread_blocked, id=12412, stack(0x0000009fdf700000,0x0000009fdf800000) (1024K)]
  0x000001ac20de32a0 JavaThread "Unconstrained build operations Thread 32"        [_thread_blocked, id=17024, stack(0x0000009fdf800000,0x0000009fdf900000) (1024K)]
  0x000001ac20de3930 JavaThread "Unconstrained build operations Thread 33"        [_thread_blocked, id=5024, stack(0x0000009fdf900000,0x0000009fdfa00000) (1024K)]
  0x000001ac20de0b40 JavaThread "Memory manager"                    [_thread_blocked, id=12728, stack(0x0000009fdfa00000,0x0000009fdfb00000) (1024K)]
  0x000001ac20de5a00 JavaThread "build event listener"              [_thread_blocked, id=21452, stack(0x0000009fdfb00000,0x0000009fdfc00000) (1024K)]
  0x000001ac200b9390 JavaThread "included builds"                   [_thread_blocked, id=9852, stack(0x0000009fdfc00000,0x0000009fdfd00000) (1024K)]
  0x000001ac200b5f10 JavaThread "Execution worker"                  [_thread_blocked, id=5492, stack(0x0000009fdfd00000,0x0000009fdfe00000) (1024K)]
  0x000001ac200b9a20 JavaThread "Execution worker Thread 2"         [_thread_blocked, id=19908, stack(0x0000009fdfe00000,0x0000009fdff00000) (1024K)]
  0x000001ac200b6c30 JavaThread "Execution worker Thread 3"         [_thread_blocked, id=3032, stack(0x0000009fdff00000,0x0000009fe0000000) (1024K)]
  0x000001ac200b65a0 JavaThread "Execution worker Thread 4"         [_thread_blocked, id=6092, stack(0x0000009fe0000000,0x0000009fe0100000) (1024K)]
  0x000001ac200ba0b0 JavaThread "Execution worker Thread 5"         [_thread_blocked, id=10484, stack(0x0000009fe0100000,0x0000009fe0200000) (1024K)]
  0x000001ac200ba740 JavaThread "Execution worker Thread 6"         [_thread_blocked, id=7436, stack(0x0000009fe0200000,0x0000009fe0300000) (1024K)]
  0x000001ac200bcea0 JavaThread "Execution worker Thread 7"         [_thread_blocked, id=9892, stack(0x0000009fe0300000,0x0000009fe0400000) (1024K)]
  0x000001ac200bb460 JavaThread "Execution worker Thread 8"         [_thread_blocked, id=21704, stack(0x0000009fe0400000,0x0000009fe0500000) (1024K)]
  0x000001ac200badd0 JavaThread "Execution worker Thread 9"         [_thread_blocked, id=18756, stack(0x0000009fe0500000,0x0000009fe0600000) (1024K)]
  0x000001ac200bbaf0 JavaThread "Execution worker Thread 10"        [_thread_blocked, id=16324, stack(0x0000009fe0600000,0x0000009fe0700000) (1024K)]
  0x000001ac200bc180 JavaThread "Execution worker Thread 11"        [_thread_blocked, id=9928, stack(0x0000009fe0700000,0x0000009fe0800000) (1024K)]
  0x000001ac200bc810 JavaThread "Cache worker for execution history cache (C:\src\flutter\packages\flutter_tools\gradle\.gradle\8.14\executionHistory)"        [_thread_blocked, id=16396, stack(0x0000009fe0800000,0x0000009fe0900000) (1024K)]
  0x000001ac200bd530 JavaThread "Unconstrained build operations Thread 34"        [_thread_blocked, id=15652, stack(0x0000009fdab00000,0x0000009fdac00000) (1024K)]
  0x000001ac1ddbcac0 JavaThread "Unconstrained build operations Thread 35"        [_thread_blocked, id=16312, stack(0x0000009fe0900000,0x0000009fe0a00000) (1024K)]
  0x000001ac1ddbb080 JavaThread "Unconstrained build operations Thread 36"        [_thread_blocked, id=20760, stack(0x0000009fe0a00000,0x0000009fe0b00000) (1024K)]
  0x000001ac1ddbc430 JavaThread "Unconstrained build operations Thread 37"        [_thread_blocked, id=8236, stack(0x0000009fe0b00000,0x0000009fe0c00000) (1024K)]
  0x000001ac1ddbb710 JavaThread "Unconstrained build operations Thread 38"        [_thread_blocked, id=348, stack(0x0000009fe0c00000,0x0000009fe0d00000) (1024K)]
  0x000001ac1ddbde70 JavaThread "Unconstrained build operations Thread 39"        [_thread_blocked, id=21080, stack(0x0000009fe0d00000,0x0000009fe0e00000) (1024K)]
  0x000001ac1ddbd150 JavaThread "Unconstrained build operations Thread 40"        [_thread_blocked, id=17376, stack(0x0000009fe0e00000,0x0000009fe0f00000) (1024K)]
  0x000001ac1ddbd7e0 JavaThread "Unconstrained build operations Thread 41"        [_thread_blocked, id=22000, stack(0x0000009fe0f00000,0x0000009fe1000000) (1024K)]
  0x000001ac1ddbbda0 JavaThread "Unconstrained build operations Thread 42"        [_thread_blocked, id=5428, stack(0x0000009fe1000000,0x0000009fe1100000) (1024K)]
  0x000001ac1ddba9f0 JavaThread "Unconstrained build operations Thread 43"        [_thread_blocked, id=5340, stack(0x0000009fe1100000,0x0000009fe1200000) (1024K)]
  0x000001ac1ddbf8b0 JavaThread "Unconstrained build operations Thread 44"        [_thread_blocked, id=10904, stack(0x0000009fe1200000,0x0000009fe1300000) (1024K)]
  0x000001ac1ddc12f0 JavaThread "Unconstrained build operations Thread 45"        [_thread_blocked, id=13740, stack(0x0000009fe1300000,0x0000009fe1400000) (1024K)]
  0x000001ac1ddbff40 JavaThread "Unconstrained build operations Thread 46"        [_thread_blocked, id=13616, stack(0x0000009fe1400000,0x0000009fe1500000) (1024K)]
  0x000001ac1ddbeb90 JavaThread "Unconstrained build operations Thread 47"        [_thread_blocked, id=16796, stack(0x0000009fe1500000,0x0000009fe1600000) (1024K)]
  0x000001ac1ddbf220 JavaThread "Unconstrained build operations Thread 48"        [_thread_blocked, id=9924, stack(0x0000009fe1600000,0x0000009fe1700000) (1024K)]
  0x000001ac1ddc05d0 JavaThread "Unconstrained build operations Thread 49"        [_thread_blocked, id=16900, stack(0x0000009fe1700000,0x0000009fe1800000) (1024K)]
  0x000001ac1ddc0c60 JavaThread "Unconstrained build operations Thread 50"        [_thread_blocked, id=8200, stack(0x0000009fe1800000,0x0000009fe1900000) (1024K)]
  0x000001ac1ddc1980 JavaThread "Unconstrained build operations Thread 51"        [_thread_blocked, id=7256, stack(0x0000009fe1900000,0x0000009fe1a00000) (1024K)]
  0x000001ac1ddbe500 JavaThread "Unconstrained build operations Thread 52"        [_thread_blocked, id=12224, stack(0x0000009fe1a00000,0x0000009fe1b00000) (1024K)]
  0x000001ac1ddc2010 JavaThread "Unconstrained build operations Thread 53"        [_thread_blocked, id=17192, stack(0x0000009fe1b00000,0x0000009fe1c00000) (1024K)]
  0x000001ac1de89d00 JavaThread "Unconstrained build operations Thread 54"        [_thread_blocked, id=5916, stack(0x0000009fe1c00000,0x0000009fe1d00000) (1024K)]
  0x000001ac1de8bdd0 JavaThread "Unconstrained build operations Thread 55"        [_thread_blocked, id=1508, stack(0x0000009fe1d00000,0x0000009fe1e00000) (1024K)]
  0x000001ac1de88fe0 JavaThread "Unconstrained build operations Thread 56"        [_thread_blocked, id=12808, stack(0x0000009fe1f00000,0x0000009fe2000000) (1024K)]
  0x000001ac1de8aa20 JavaThread "Unconstrained build operations Thread 57"        [_thread_blocked, id=19372, stack(0x0000009fe2000000,0x0000009fe2100000) (1024K)]
  0x000001ac1de8b0b0 JavaThread "Unconstrained build operations Thread 58"        [_thread_blocked, id=14868, stack(0x0000009fe2100000,0x0000009fe2200000) (1024K)]
  0x000001ac1de8b740 JavaThread "Unconstrained build operations Thread 59"        [_thread_blocked, id=11536, stack(0x0000009fe2200000,0x0000009fe2300000) (1024K)]
  0x000001ac1de88950 JavaThread "Unconstrained build operations Thread 60"        [_thread_blocked, id=9240, stack(0x0000009fe2300000,0x0000009fe2400000) (1024K)]
  0x000001ac1de8c460 JavaThread "Unconstrained build operations Thread 61"        [_thread_blocked, id=22100, stack(0x0000009fe2400000,0x0000009fe2500000) (1024K)]
  0x000001ac1de89670 JavaThread "Unconstrained build operations Thread 62"        [_thread_blocked, id=15124, stack(0x0000009fe2500000,0x0000009fe2600000) (1024K)]
  0x000001ac1de8caf0 JavaThread "Unconstrained build operations Thread 63"        [_thread_blocked, id=2100, stack(0x0000009fe2600000,0x0000009fe2700000) (1024K)]
  0x000001ac1de8d180 JavaThread "Unconstrained build operations Thread 64"        [_thread_blocked, id=14516, stack(0x0000009fe2700000,0x0000009fe2800000) (1024K)]
  0x000001ac1de8d810 JavaThread "Unconstrained build operations Thread 65"        [_thread_blocked, id=8112, stack(0x0000009fe2800000,0x0000009fe2900000) (1024K)]
  0x000001ac1de8a390 JavaThread "Unconstrained build operations Thread 66"        [_thread_blocked, id=4164, stack(0x0000009fe2900000,0x0000009fe2a00000) (1024K)]
  0x000001ac1de8f250 JavaThread "Unconstrained build operations Thread 67"        [_thread_blocked, id=18504, stack(0x0000009fe2a00000,0x0000009fe2b00000) (1024K)]
  0x000001ac1de8f8e0 JavaThread "Unconstrained build operations Thread 68"        [_thread_blocked, id=21108, stack(0x0000009fe2b00000,0x0000009fe2c00000) (1024K)]
  0x000001ac1de8ff70 JavaThread "WorkerExecutor Queue"              [_thread_blocked, id=21472, stack(0x0000009fe2c00000,0x0000009fe2d00000) (1024K)]
  0x000001ac1f43d710 JavaThread "RMI Scheduler(0)"           daemon [_thread_blocked, id=1224, stack(0x0000009fe1e00000,0x0000009fe1f00000) (1024K)]
  0x000001ac1f43afb0 JavaThread "RMI GC Daemon"              daemon [_thread_blocked, id=1596, stack(0x0000009fe2e00000,0x0000009fe2f00000) (1024K)]
  0x000001ac1f43b640 JavaThread "RMI TCP Accept-0"           daemon [_thread_in_native, id=6436, stack(0x0000009fe2f00000,0x0000009fe3000000) (1024K)]
  0x000001ac1f43c9f0 JavaThread "RMI Reaper"                        [_thread_blocked, id=17324, stack(0x0000009fe3000000,0x0000009fe3100000) (1024K)]
  0x000001ac1f43dda0 JavaThread "RMI TCP Connection(2)-127.0.0.1" daemon [_thread_in_native, id=12896, stack(0x0000009fe3100000,0x0000009fe3200000) (1024K)]
  0x000001ac1f43eac0 JavaThread "Unconstrained build operations Thread 69"        [_thread_blocked, id=20648, stack(0x0000009fe3200000,0x0000009fe3300000) (1024K)]
  0x000001ac1f43f150 JavaThread "Unconstrained build operations Thread 70"        [_thread_blocked, id=21448, stack(0x0000009fe3300000,0x0000009fe3400000) (1024K)]
  0x000001ac1f43bcd0 JavaThread "Unconstrained build operations Thread 71"        [_thread_blocked, id=13872, stack(0x0000009fe3400000,0x0000009fe3500000) (1024K)]
  0x000001ac1f43f7e0 JavaThread "Unconstrained build operations Thread 72"        [_thread_blocked, id=18572, stack(0x0000009fe3500000,0x0000009fe3600000) (1024K)]
  0x000001ac1f43c360 JavaThread "Unconstrained build operations Thread 73"        [_thread_blocked, id=8196, stack(0x0000009fe3600000,0x0000009fe3700000) (1024K)]
  0x000001ac1f441f40 JavaThread "Unconstrained build operations Thread 74"        [_thread_blocked, id=11508, stack(0x0000009fe3700000,0x0000009fe3800000) (1024K)]
  0x000001ac1f440b90 JavaThread "Unconstrained build operations Thread 75"        [_thread_blocked, id=14180, stack(0x0000009fe3800000,0x0000009fe3900000) (1024K)]
  0x000001ac1f4418b0 JavaThread "Unconstrained build operations Thread 76"        [_thread_blocked, id=20252, stack(0x0000009fe3900000,0x0000009fe3a00000) (1024K)]
  0x000001ac1f441220 JavaThread "Unconstrained build operations Thread 77"        [_thread_blocked, id=10292, stack(0x0000009fe3a00000,0x0000009fe3b00000) (1024K)]
  0x000001ac1f4425d0 JavaThread "Unconstrained build operations Thread 78"        [_thread_blocked, id=19704, stack(0x0000009fe3b00000,0x0000009fe3c00000) (1024K)]
  0x000001ac1f43fe70 JavaThread "Unconstrained build operations Thread 79"        [_thread_blocked, id=15792, stack(0x0000009fe3c00000,0x0000009fe3d00000) (1024K)]
  0x000001ac1f440500 JavaThread "Unconstrained build operations Thread 80"        [_thread_blocked, id=1944, stack(0x0000009fe3d00000,0x0000009fe3e00000) (1024K)]
  0x000001ac1fe4d1d0 JavaThread "Unconstrained build operations Thread 81"        [_thread_blocked, id=12724, stack(0x0000009fe3e00000,0x0000009fe3f00000) (1024K)]
  0x000001ac1fe4aa70 JavaThread "Unconstrained build operations Thread 82"        [_thread_blocked, id=10096, stack(0x0000009fe3f00000,0x0000009fe4000000) (1024K)]
  0x000001ac1fe4d860 JavaThread "Unconstrained build operations Thread 83"        [_thread_blocked, id=3140, stack(0x0000009fe4000000,0x0000009fe4100000) (1024K)]
  0x000001ac1fe4c4b0 JavaThread "Unconstrained build operations Thread 84"        [_thread_blocked, id=18844, stack(0x0000009fe4100000,0x0000009fe4200000) (1024K)]
  0x000001ac1fe4a3e0 JavaThread "Unconstrained build operations Thread 85"        [_thread_blocked, id=9628, stack(0x0000009fe4200000,0x0000009fe4300000) (1024K)]
  0x000001ac1fe4b100 JavaThread "Unconstrained build operations Thread 86"        [_thread_blocked, id=10780, stack(0x0000009fe4300000,0x0000009fe4400000) (1024K)]
  0x000001ac1fe4e580 JavaThread "Unconstrained build operations Thread 87"        [_thread_blocked, id=22196, stack(0x0000009fe4400000,0x0000009fe4500000) (1024K)]
  0x000001ac1fe4ec10 JavaThread "Unconstrained build operations Thread 88"        [_thread_blocked, id=22376, stack(0x0000009fe4500000,0x0000009fe4600000) (1024K)]
  0x000001ac1fe4b790 JavaThread "Unconstrained build operations Thread 89"        [_thread_blocked, id=7756, stack(0x0000009fe4600000,0x0000009fe4700000) (1024K)]
  0x000001ac1fe4be20 JavaThread "Unconstrained build operations Thread 90"        [_thread_blocked, id=17416, stack(0x0000009fe4700000,0x0000009fe4800000) (1024K)]
  0x000001ac1fe4f2a0 JavaThread "Unconstrained build operations Thread 91"        [_thread_blocked, id=18228, stack(0x0000009fe2d00000,0x0000009fe2e00000) (1024K)]
  0x000001ac1fe4cb40 JavaThread "Unconstrained build operations Thread 92"        [_thread_blocked, id=9312, stack(0x0000009fe4900000,0x0000009fe4a00000) (1024K)]
  0x000001ac1fe4def0 JavaThread "Unconstrained build operations Thread 93"        [_thread_blocked, id=20724, stack(0x0000009fe4a00000,0x0000009fe4b00000) (1024K)]
  0x000001ac1fe50ce0 JavaThread "Unconstrained build operations Thread 94"        [_thread_blocked, id=14644, stack(0x0000009fe4b00000,0x0000009fe4c00000) (1024K)]
  0x000001ac1fe51370 JavaThread "Unconstrained build operations Thread 95"        [_thread_blocked, id=9512, stack(0x0000009fe4c00000,0x0000009fe4d00000) (1024K)]
  0x000001ac1fe4ffc0 JavaThread "Unconstrained build operations Thread 96"        [_thread_blocked, id=10924, stack(0x0000009fe4d00000,0x0000009fe4e00000) (1024K)]
  0x000001ac1fe51a00 JavaThread "Unconstrained build operations Thread 97"        [_thread_blocked, id=15896, stack(0x0000009fe4e00000,0x0000009fe4f00000) (1024K)]
  0x000001ac1fe52090 JavaThread "Unconstrained build operations Thread 98"        [_thread_blocked, id=2532, stack(0x0000009fe4f00000,0x0000009fe5000000) (1024K)]
  0x000001ac1fe50650 JavaThread "Unconstrained build operations Thread 99"        [_thread_blocked, id=11764, stack(0x0000009fe5000000,0x0000009fe5100000) (1024K)]
  0x000001ac1fe52720 JavaThread "Unconstrained build operations Thread 100"        [_thread_blocked, id=14724, stack(0x0000009fe5100000,0x0000009fe5200000) (1024K)]
  0x000001ac1fe52db0 JavaThread "Unconstrained build operations Thread 101"        [_thread_blocked, id=20192, stack(0x0000009fe5200000,0x0000009fe5300000) (1024K)]
  0x000001ac1fe57c70 JavaThread "build event listener"              [_thread_blocked, id=18076, stack(0x0000009fdaa00000,0x0000009fdab00000) (1024K)]
=>0x000001ac23f6f280 JavaThread "C2 CompilerThread1"         daemon [_thread_in_native, id=5100, stack(0x0000009fe4800000,0x0000009fe4900000) (1024K)]
Total: 169

Other Threads:
  0x000001abd4c887b0 VMThread "VM Thread"                           [id=21068, stack(0x0000009fd9f00000,0x0000009fda000000) (1024K)]
  0x000001abd4c75140 WatcherThread "VM Periodic Task Thread"        [id=3096, stack(0x0000009fd9e00000,0x0000009fd9f00000) (1024K)]
  0x000001aba20bbd70 WorkerThread "GC Thread#0"                     [id=6252, stack(0x0000009fd9900000,0x0000009fd9a00000) (1024K)]
  0x000001abd7bc93a0 WorkerThread "GC Thread#1"                     [id=20524, stack(0x0000009fdac00000,0x0000009fdad00000) (1024K)]
  0x000001abd7bc9750 WorkerThread "GC Thread#2"                     [id=15416, stack(0x0000009fdad00000,0x0000009fdae00000) (1024K)]
  0x000001abd7bc9b00 WorkerThread "GC Thread#3"                     [id=11008, stack(0x0000009fdae00000,0x0000009fdaf00000) (1024K)]
  0x000001abd7bc84e0 WorkerThread "GC Thread#4"                     [id=920, stack(0x0000009fdaf00000,0x0000009fdb000000) (1024K)]
  0x000001ac1efdfae0 WorkerThread "GC Thread#5"                     [id=19552, stack(0x0000009fdb200000,0x0000009fdb300000) (1024K)]
  0x000001ac1efdec20 WorkerThread "GC Thread#6"                     [id=2792, stack(0x0000009fdb300000,0x0000009fdb400000) (1024K)]
  0x000001ac1efdf380 WorkerThread "GC Thread#7"                     [id=4760, stack(0x0000009fdb400000,0x0000009fdb500000) (1024K)]
  0x000001ac1efdefd0 WorkerThread "GC Thread#8"                     [id=20312, stack(0x0000009fdb500000,0x0000009fdb600000) (1024K)]
  0x000001ac1efde110 WorkerThread "GC Thread#9"                     [id=10212, stack(0x0000009fdb600000,0x0000009fdb700000) (1024K)]
  0x000001aba20cdb90 ConcurrentGCThread "G1 Main Marker"            [id=8352, stack(0x0000009fd9a00000,0x0000009fd9b00000) (1024K)]
  0x000001abd4ad0080 WorkerThread "G1 Conc#0"                       [id=22336, stack(0x0000009fd9b00000,0x0000009fd9c00000) (1024K)]
  0x000001ac20093610 WorkerThread "G1 Conc#1"                       [id=8008, stack(0x0000009fdc200000,0x0000009fdc300000) (1024K)]
  0x000001ac20092b00 WorkerThread "G1 Conc#2"                       [id=8028, stack(0x0000009fdc300000,0x0000009fdc400000) (1024K)]
  0x000001abd4b43cf0 ConcurrentGCThread "G1 Refine#0"               [id=20256, stack(0x0000009fd9c00000,0x0000009fd9d00000) (1024K)]
  0x000001abd4b44780 ConcurrentGCThread "G1 Service"                [id=14648, stack(0x0000009fd9d00000,0x0000009fd9e00000) (1024K)]
Total: 18

Threads with active compile tasks:
C2 CompilerThread0  40685 13288   !   4       org.gradle.api.internal.provider.DefaultProvider::calculateOwnValue (60 bytes)
C2 CompilerThread1  40685 13210       4       java.lang.reflect.Method::invoke (108 bytes)
Total: 2

VM state: not at safepoint (normal execution)

VM Mutex/Monitor currently owned by a thread:  ([mutex/lock_event])
[0x00007ff9c7a0ab00] Metaspace_lock - owner thread: 0x000001ac1edfe5f0

Heap address: 0x0000000600000000, size: 8192 MB, Compressed Oops mode: Zero based, Oop shift amount: 3

CDS archive(s) mapped at: [0x000001abd8000000-0x000001abd8c60000-0x000001abd8c60000), size 12976128, SharedBaseAddress: 0x000001abd8000000, ArchiveRelocationMode: 1.
Compressed class space mapped at: 0x000001abd9000000-0x000001ac19000000, reserved size: 1073741824
Narrow klass base: 0x000001abd8000000, Narrow klass shift: 0, Narrow klass range: 0x41000000

GC Precious Log:
 CardTable entry size: 512
 Card Set container configuration: InlinePtr #cards 4 size 8 Array Of Cards #cards 32 size 80 Howl #buckets 8 coarsen threshold 7372 Howl Bitmap #cards 1024 size 144 coarsen threshold 921 Card regions per heap region 1 cards per card region 8192
 CPUs: 12 total, 12 available
 Memory: 15613M
 Large Page Support: Disabled
 NUMA Support: Disabled
 Compressed Oops: Enabled (Zero based)
 Heap Region Size: 4M
 Heap Min Capacity: 8M
 Heap Initial Capacity: 244M
 Heap Max Capacity: 8G
 Pre-touch: Disabled
 Parallel Workers: 10
 Concurrent Workers: 3
 Concurrent Refinement Workers: 10
 Periodic GC: Disabled

Heap:
 garbage-first heap   total reserved 8388608K, committed 221184K, used 148070K [0x0000000600000000, 0x0000000800000000)
  region size 4096K, 9 young (36864K), 3 survivors (12288K)
 Metaspace       used 100172K, committed 102592K, reserved 1179648K
  class space    used 14336K, committed 15488K, reserved 1048576K

Heap Regions: E=young(eden), S=young(survivor), O=old, HS=humongous(starts), HC=humongous(continues), CS=collection set, F=free, TAMS=top-at-mark-start, PB=parsable bottom
|   0|0x0000000600000000, 0x0000000600400000, 0x0000000600400000|100%|HS|  |TAMS 0x0000000600000000| PB 0x0000000600000000| Complete |  0
|   1|0x0000000600400000, 0x0000000600800000, 0x0000000600800000|100%| O|  |TAMS 0x0000000600400000| PB 0x0000000600400000| Untracked |  0
|   2|0x0000000600800000, 0x0000000600bbd8a0, 0x0000000600c00000| 93%| O|  |TAMS 0x0000000600800000| PB 0x0000000600800000| Untracked |  0
|   3|0x0000000600c00000, 0x0000000601000000, 0x0000000601000000|100%| O|  |TAMS 0x0000000600c00000| PB 0x0000000600c00000| Untracked |  0
|   4|0x0000000601000000, 0x0000000601400000, 0x0000000601400000|100%| O|  |TAMS 0x0000000601000000| PB 0x0000000601000000| Untracked |  0
|   5|0x0000000601400000, 0x0000000601800000, 0x0000000601800000|100%| O|  |TAMS 0x0000000601400000| PB 0x0000000601400000| Untracked |  0
|   6|0x0000000601800000, 0x0000000601c00000, 0x0000000601c00000|100%| O|  |TAMS 0x0000000601800000| PB 0x0000000601800000| Untracked |  0
|   7|0x0000000601c00000, 0x0000000602000000, 0x0000000602000000|100%| O|  |TAMS 0x0000000601c00000| PB 0x0000000601c00000| Untracked |  0
|   8|0x0000000602000000, 0x0000000602400000, 0x0000000602400000|100%|HS|  |TAMS 0x0000000602000000| PB 0x0000000602000000| Complete |  0
|   9|0x0000000602400000, 0x0000000602800000, 0x0000000602800000|100%| O|  |TAMS 0x0000000602400000| PB 0x0000000602400000| Untracked |  0
|  10|0x0000000602800000, 0x0000000602c00000, 0x0000000602c00000|100%|HS|  |TAMS 0x0000000602800000| PB 0x0000000602800000| Complete |  0
|  11|0x0000000602c00000, 0x0000000603000000, 0x0000000603000000|100%| O|  |TAMS 0x0000000602c00000| PB 0x0000000602c00000| Untracked |  0
|  12|0x0000000603000000, 0x0000000603400000, 0x0000000603400000|100%| O|  |TAMS 0x0000000603000000| PB 0x0000000603000000| Untracked |  0
|  13|0x0000000603400000, 0x0000000603800000, 0x0000000603800000|100%| O|  |TAMS 0x0000000603400000| PB 0x0000000603400000| Untracked |  0
|  14|0x0000000603800000, 0x0000000603c00000, 0x0000000603c00000|100%| O|  |TAMS 0x0000000603800000| PB 0x0000000603800000| Untracked |  0
|  15|0x0000000603c00000, 0x0000000604000000, 0x0000000604000000|100%| O|  |TAMS 0x0000000603c00000| PB 0x0000000603c00000| Untracked |  0
|  16|0x0000000604000000, 0x0000000604400000, 0x0000000604400000|100%| O|  |TAMS 0x0000000604000000| PB 0x0000000604000000| Untracked |  0
|  17|0x0000000604400000, 0x0000000604800000, 0x0000000604800000|100%| O|  |TAMS 0x0000000604400000| PB 0x0000000604400000| Untracked |  0
|  18|0x0000000604800000, 0x0000000604c00000, 0x0000000604c00000|100%| O|  |TAMS 0x0000000604800000| PB 0x0000000604800000| Untracked |  0
|  19|0x0000000604c00000, 0x0000000605000000, 0x0000000605000000|100%| O|  |TAMS 0x0000000604c00000| PB 0x0000000604c00000| Untracked |  0
|  20|0x0000000605000000, 0x0000000605400000, 0x0000000605400000|100%| O|  |TAMS 0x0000000605000000| PB 0x0000000605000000| Untracked |  0
|  21|0x0000000605400000, 0x0000000605800000, 0x0000000605800000|100%| O|  |TAMS 0x0000000605400000| PB 0x0000000605400000| Untracked |  0
|  22|0x0000000605800000, 0x0000000605c00000, 0x0000000605c00000|100%| O|  |TAMS 0x0000000605800000| PB 0x0000000605800000| Untracked |  0
|  23|0x0000000605c00000, 0x0000000606000000, 0x0000000606000000|100%| O|  |TAMS 0x0000000605c00000| PB 0x0000000605c00000| Untracked |  0
|  24|0x0000000606000000, 0x00000006061e1b00, 0x0000000606400000| 47%| O|  |TAMS 0x0000000606000000| PB 0x0000000606000000| Untracked |  0
|  25|0x0000000606400000, 0x0000000606800000, 0x0000000606800000|100%| O|  |TAMS 0x0000000606400000| PB 0x0000000606400000| Untracked |  0
|  26|0x0000000606800000, 0x0000000606800000, 0x0000000606c00000|  0%| F|  |TAMS 0x0000000606800000| PB 0x0000000606800000| Untracked |  0
|  27|0x0000000606c00000, 0x0000000607000000, 0x0000000607000000|100%| O|  |TAMS 0x0000000606c00000| PB 0x0000000606c00000| Untracked |  0
|  28|0x0000000607000000, 0x0000000607000000, 0x0000000607400000|  0%| F|  |TAMS 0x0000000607000000| PB 0x0000000607000000| Untracked |  0
|  29|0x0000000607400000, 0x0000000607400000, 0x0000000607800000|  0%| F|  |TAMS 0x0000000607400000| PB 0x0000000607400000| Untracked |  0
|  30|0x0000000607800000, 0x0000000607afa798, 0x0000000607c00000| 74%| S|CS|TAMS 0x0000000607800000| PB 0x0000000607800000| Complete |  0
|  31|0x0000000607c00000, 0x0000000608000000, 0x0000000608000000|100%| S|CS|TAMS 0x0000000607c00000| PB 0x0000000607c00000| Complete |  0
|  32|0x0000000608000000, 0x0000000608400000, 0x0000000608400000|100%| S|CS|TAMS 0x0000000608000000| PB 0x0000000608000000| Complete |  0
|  33|0x0000000608400000, 0x0000000608400000, 0x0000000608800000|  0%| F|  |TAMS 0x0000000608400000| PB 0x0000000608400000| Untracked |  0
|  34|0x0000000608800000, 0x0000000608800000, 0x0000000608c00000|  0%| F|  |TAMS 0x0000000608800000| PB 0x0000000608800000| Untracked |  0
|  35|0x0000000608c00000, 0x0000000608c00000, 0x0000000609000000|  0%| F|  |TAMS 0x0000000608c00000| PB 0x0000000608c00000| Untracked |  0
|  36|0x0000000609000000, 0x0000000609000000, 0x0000000609400000|  0%| F|  |TAMS 0x0000000609000000| PB 0x0000000609000000| Untracked |  0
|  37|0x0000000609400000, 0x0000000609400000, 0x0000000609800000|  0%| F|  |TAMS 0x0000000609400000| PB 0x0000000609400000| Untracked |  0
|  38|0x0000000609800000, 0x0000000609800000, 0x0000000609c00000|  0%| F|  |TAMS 0x0000000609800000| PB 0x0000000609800000| Untracked |  0
|  39|0x0000000609c00000, 0x0000000609c00000, 0x000000060a000000|  0%| F|  |TAMS 0x0000000609c00000| PB 0x0000000609c00000| Untracked |  0
|  40|0x000000060a000000, 0x000000060a000000, 0x000000060a400000|  0%| F|  |TAMS 0x000000060a000000| PB 0x000000060a000000| Untracked |  0
|  41|0x000000060a400000, 0x000000060a400000, 0x000000060a800000|  0%| F|  |TAMS 0x000000060a400000| PB 0x000000060a400000| Untracked |  0
|  42|0x000000060a800000, 0x000000060a800000, 0x000000060ac00000|  0%| F|  |TAMS 0x000000060a800000| PB 0x000000060a800000| Untracked |  0
|  43|0x000000060ac00000, 0x000000060ac00000, 0x000000060b000000|  0%| F|  |TAMS 0x000000060ac00000| PB 0x000000060ac00000| Untracked |  0
|  44|0x000000060b000000, 0x000000060b000000, 0x000000060b400000|  0%| F|  |TAMS 0x000000060b000000| PB 0x000000060b000000| Untracked |  0
|  45|0x000000060b400000, 0x000000060b400000, 0x000000060b800000|  0%| F|  |TAMS 0x000000060b400000| PB 0x000000060b400000| Untracked |  0
|  46|0x000000060b800000, 0x000000060b915e08, 0x000000060bc00000| 27%| E|  |TAMS 0x000000060b800000| PB 0x000000060b800000| Complete |  0
|  47|0x000000060bc00000, 0x000000060c000000, 0x000000060c000000|100%| E|CS|TAMS 0x000000060bc00000| PB 0x000000060bc00000| Complete |  0
|  48|0x000000060c000000, 0x000000060c400000, 0x000000060c400000|100%| E|CS|TAMS 0x000000060c000000| PB 0x000000060c000000| Complete |  0
|  49|0x000000060c400000, 0x000000060c800000, 0x000000060c800000|100%| E|CS|TAMS 0x000000060c400000| PB 0x000000060c400000| Complete |  0
|  50|0x000000060c800000, 0x000000060cc00000, 0x000000060cc00000|100%| E|CS|TAMS 0x000000060c800000| PB 0x000000060c800000| Complete |  0
|  60|0x000000060f000000, 0x000000060f400000, 0x000000060f400000|100%| E|CS|TAMS 0x000000060f000000| PB 0x000000060f000000| Complete |  0
|2046|0x00000007ff800000, 0x00000007ffc00000, 0x00000007ffc00000|100%| O|  |TAMS 0x00000007ff800000| PB 0x00000007ff800000| Untracked |  0
|2047|0x00000007ffc00000, 0x0000000800000000, 0x0000000800000000|100%| O|  |TAMS 0x00000007ffc00000| PB 0x00000007ffc00000| Untracked |  0

Card table byte_map: [0x000001abcbad0000,0x000001abccad0000] _byte_map_base: 0x000001abc8ad0000

Marking Bits: (CMBitMap*) 0x000001aba20bc390
 Bits: [0x000001abccad0000, 0x000001abd4ad0000)

Polling page: 0x000001ab9ff80000

Metaspace:

Usage:
  Non-class:     83.83 MB used.
      Class:     14.00 MB used.
       Both:     97.83 MB used.

Virtual space:
  Non-class space:      128.00 MB reserved,      85.06 MB ( 66%) committed,  2 nodes.
      Class space:        1.00 GB reserved,      15.12 MB (  1%) committed,  1 nodes.
             Both:        1.12 GB reserved,     100.19 MB (  9%) committed. 

Chunk freelists:
   Non-Class:  10.05 MB
       Class:  832.00 KB
        Both:  10.86 MB

MaxMetaspaceSize: 4.00 GB
CompressedClassSpaceSize: 1.00 GB
Initial GC threshold: 21.00 MB
Current GC threshold: 138.56 MB
CDS: on
 - commit_granule_bytes: 65536.
 - commit_granule_words: 8192.
 - virtual_space_node_default_size: 8388608.
 - enlarge_chunks_in_place: 1.
 - use_allocation_guard: 0.


Internal statistics:

num_allocs_failed_limit: 9.
num_arena_births: 4238.
num_arena_deaths: 0.
num_vsnodes_births: 3.
num_vsnodes_deaths: 0.
num_space_committed: 1603.
num_space_uncommitted: 0.
num_chunks_returned_to_freelist: 9.
num_chunks_taken_from_freelist: 8739.
num_chunk_merges: 9.
num_chunk_splits: 5743.
num_chunks_enlarged: 3634.
num_inconsistent_stats: 0.

CodeHeap 'non-profiled nmethods': size=259264Kb used=7356Kb max_used=7356Kb free=251907Kb
 bounds [0x000001abba630000, 0x000001abbad60000, 0x000001abca360000]
CodeHeap 'profiled nmethods': size=259264Kb used=21295Kb max_used=21295Kb free=237968Kb
 bounds [0x000001abaa360000, 0x000001abab830000, 0x000001abba090000]
CodeHeap 'non-nmethods': size=5760Kb used=2944Kb max_used=2993Kb free=2815Kb
 bounds [0x000001abba090000, 0x000001abba390000, 0x000001abba630000]
 total_blobs=12343 nmethods=11317 adapters=929
 compilation: enabled
              stopped_count=0, restarted_count=0
 full_count=0

Compilation events (20 events):
Event: 37.552 Thread 0x000001abd4cc2af0 nmethod 13284 0x000001abab82b390 code [0x000001abab82b5c0, 0x000001abab82bc58]
Event: 37.552 Thread 0x000001abd4cc2af0 13283       1       com.android.tools.build.jetifier.processor.transform.TransformationContext::getVersions (5 bytes)
Event: 37.552 Thread 0x000001abd4cc2af0 nmethod 13283 0x000001abbad50510 code [0x000001abbad506a0, 0x000001abbad50770]
Event: 37.572 Thread 0x000001abd4cc2af0 13285       3       org.gradle.internal.ImmutableActionSet$SetWithManyActions::addOne (6 bytes)
Event: 37.572 Thread 0x000001abd4cc2af0 nmethod 13285 0x000001abab82bf10 code [0x000001abab82c120, 0x000001abab82c7a8]
Event: 37.579 Thread 0x000001abd4cc1c30 nmethod 13200 0x000001abbad50810 code [0x000001abbad50c60, 0x000001abbad54148]
Event: 37.579 Thread 0x000001abd4cc1c30 13273       4       java.util.regex.Pattern::compile (537 bytes)
Event: 37.584 Thread 0x000001ac23f71490 nmethod 13267 0x000001abbad56290 code [0x000001abbad56560, 0x000001abbad576d8]
Event: 37.584 Thread 0x000001ac23f71490 13272       4       java.util.regex.Pattern::newSlice (181 bytes)
Event: 37.598 Thread 0x000001ac23f71490 nmethod 13272 0x000001abbad58210 code [0x000001abbad58400, 0x000001abbad58b38]
Event: 37.598 Thread 0x000001ac23f71490 13268       4       java.util.regex.Pattern::peek (26 bytes)
Event: 37.599 Thread 0x000001ac23f71490 nmethod 13268 0x000001abbad58e10 code [0x000001abbad58fa0, 0x000001abbad590a8]
Event: 37.599 Thread 0x000001ac23f71490 13253       4       kotlin.text.StringsKt__StringsKt::indexOf (48 bytes)
Event: 37.602 Thread 0x000001ac23f71490 nmethod 13253 0x000001abbad59190 code [0x000001abbad59320, 0x000001abbad59608]
Event: 37.602 Thread 0x000001ac23f71490 13212       4       jdk.internal.reflect.DirectMethodHandleAccessor::checkArgumentCount (53 bytes)
Event: 37.602 Thread 0x000001ac23f71490 nmethod 13212 0x000001abbad59810 code [0x000001abbad59980, 0x000001abbad59a18]
Event: 37.602 Thread 0x000001ac23f71490 13254       4       kotlin.text.StringsKt__StringsKt::contains (24 bytes)
Event: 37.604 Thread 0x000001ac23f71490 nmethod 13254 0x000001abbad59b10 code [0x000001abbad59cc0, 0x000001abbad59f80]
Event: 37.604 Thread 0x000001ac23f71490 13223       4       jdk.internal.reflect.DirectMethodHandleAccessor::checkReceiver (63 bytes)
Event: 37.606 Thread 0x000001ac23f71490 nmethod 13223 0x000001abbad5a190 code [0x000001abbad5a320, 0x000001abbad5a460]

GC Heap History (20 events):
Event: 31.836 GC heap before
{Heap before GC invocations=25 (full 0):
 garbage-first heap   total reserved 8388608K, committed 167936K, used 140555K [0x0000000600000000, 0x0000000800000000)
  region size 4096K, 17 young (69632K), 3 survivors (12288K)
 Metaspace       used 80597K, committed 82880K, reserved 1179648K
  class space    used 11772K, committed 12864K, reserved 1048576K
}
Event: 31.844 GC heap after
{Heap after GC invocations=26 (full 0):
 garbage-first heap   total reserved 8388608K, committed 167936K, used 89420K [0x0000000600000000, 0x0000000800000000)
  region size 4096K, 3 young (12288K), 3 survivors (12288K)
 Metaspace       used 80597K, committed 82880K, reserved 1179648K
  class space    used 11772K, committed 12864K, reserved 1048576K
}
Event: 32.055 GC heap before
{Heap before GC invocations=26 (full 0):
 garbage-first heap   total reserved 8388608K, committed 167936K, used 138572K [0x0000000600000000, 0x0000000800000000)
  region size 4096K, 16 young (65536K), 3 survivors (12288K)
 Metaspace       used 80805K, committed 83072K, reserved 1179648K
  class space    used 11775K, committed 12864K, reserved 1048576K
}
Event: 32.062 GC heap after
{Heap after GC invocations=27 (full 0):
 garbage-first heap   total reserved 8388608K, committed 167936K, used 92829K [0x0000000600000000, 0x0000000800000000)
  region size 4096K, 2 young (8192K), 2 survivors (8192K)
 Metaspace       used 80805K, committed 83072K, reserved 1179648K
  class space    used 11775K, committed 12864K, reserved 1048576K
}
Event: 32.265 GC heap before
{Heap before GC invocations=28 (full 0):
 garbage-first heap   total reserved 8388608K, committed 167936K, used 137885K [0x0000000600000000, 0x0000000800000000)
  region size 4096K, 14 young (57344K), 2 survivors (8192K)
 Metaspace       used 80846K, committed 83136K, reserved 1179648K
  class space    used 11775K, committed 12864K, reserved 1048576K
}
Event: 32.269 GC heap after
{Heap after GC invocations=29 (full 0):
 garbage-first heap   total reserved 8388608K, committed 167936K, used 93932K [0x0000000600000000, 0x0000000800000000)
  region size 4096K, 2 young (8192K), 2 survivors (8192K)
 Metaspace       used 80846K, committed 83136K, reserved 1179648K
  class space    used 11775K, committed 12864K, reserved 1048576K
}
Event: 32.551 GC heap before
{Heap before GC invocations=29 (full 0):
 garbage-first heap   total reserved 8388608K, committed 167936K, used 143084K [0x0000000600000000, 0x0000000800000000)
  region size 4096K, 14 young (57344K), 2 survivors (8192K)
 Metaspace       used 80965K, committed 83328K, reserved 1179648K
  class space    used 11795K, committed 12928K, reserved 1048576K
}
Event: 32.556 GC heap after
{Heap after GC invocations=30 (full 0):
 garbage-first heap   total reserved 8388608K, committed 167936K, used 93827K [0x0000000600000000, 0x0000000800000000)
  region size 4096K, 2 young (8192K), 2 survivors (8192K)
 Metaspace       used 80965K, committed 83328K, reserved 1179648K
  class space    used 11795K, committed 12928K, reserved 1048576K
}
Event: 33.098 GC heap before
{Heap before GC invocations=30 (full 0):
 garbage-first heap   total reserved 8388608K, committed 167936K, used 138883K [0x0000000600000000, 0x0000000800000000)
  region size 4096K, 14 young (57344K), 2 survivors (8192K)
 Metaspace       used 82416K, committed 84736K, reserved 1179648K
  class space    used 11953K, committed 13056K, reserved 1048576K
}
Event: 33.104 GC heap after
{Heap after GC invocations=31 (full 0):
 garbage-first heap   total reserved 8388608K, committed 167936K, used 110227K [0x0000000600000000, 0x0000000800000000)
  region size 4096K, 2 young (8192K), 2 survivors (8192K)
 Metaspace       used 82416K, committed 84736K, reserved 1179648K
  class space    used 11953K, committed 13056K, reserved 1048576K
}
Event: 33.559 GC heap before
{Heap before GC invocations=32 (full 0):
 garbage-first heap   total reserved 8388608K, committed 184320K, used 142995K [0x0000000600000000, 0x0000000800000000)
  region size 4096K, 11 young (45056K), 2 survivors (8192K)
 Metaspace       used 85672K, committed 88000K, reserved 1179648K
  class space    used 12328K, committed 13440K, reserved 1048576K
}
Event: 33.562 GC heap after
{Heap after GC invocations=33 (full 0):
 garbage-first heap   total reserved 8388608K, committed 184320K, used 112195K [0x0000000600000000, 0x0000000800000000)
  region size 4096K, 1 young (4096K), 1 survivors (4096K)
 Metaspace       used 85672K, committed 88000K, reserved 1179648K
  class space    used 12328K, committed 13440K, reserved 1048576K
}
Event: 33.919 GC heap before
{Heap before GC invocations=33 (full 0):
 garbage-first heap   total reserved 8388608K, committed 184320K, used 157251K [0x0000000600000000, 0x0000000800000000)
  region size 4096K, 12 young (49152K), 1 survivors (4096K)
 Metaspace       used 87682K, committed 90048K, reserved 1179648K
  class space    used 12593K, committed 13696K, reserved 1048576K
}
Event: 33.924 GC heap after
{Heap after GC invocations=34 (full 0):
 garbage-first heap   total reserved 8388608K, committed 184320K, used 116423K [0x0000000600000000, 0x0000000800000000)
  region size 4096K, 2 young (8192K), 2 survivors (8192K)
 Metaspace       used 87682K, committed 90048K, reserved 1179648K
  class space    used 12593K, committed 13696K, reserved 1048576K
}
Event: 34.444 GC heap before
{Heap before GC invocations=34 (full 0):
 garbage-first heap   total reserved 8388608K, committed 184320K, used 161479K [0x0000000600000000, 0x0000000800000000)
  region size 4096K, 13 young (53248K), 2 survivors (8192K)
 Metaspace       used 90726K, committed 93056K, reserved 1179648K
  class space    used 13007K, committed 14144K, reserved 1048576K
}
Event: 34.647 GC heap after
{Heap after GC invocations=35 (full 0):
 garbage-first heap   total reserved 8388608K, committed 221184K, used 118878K [0x0000000600000000, 0x0000000800000000)
  region size 4096K, 1 young (4096K), 1 survivors (4096K)
 Metaspace       used 90726K, committed 93056K, reserved 1179648K
  class space    used 13007K, committed 14144K, reserved 1048576K
}
Event: 36.574 GC heap before
{Heap before GC invocations=35 (full 0):
 garbage-first heap   total reserved 8388608K, committed 221184K, used 188510K [0x0000000600000000, 0x0000000800000000)
  region size 4096K, 18 young (73728K), 1 survivors (4096K)
 Metaspace       used 95861K, committed 98240K, reserved 1179648K
  class space    used 13717K, committed 14848K, reserved 1048576K
}
Event: 36.577 GC heap after
{Heap after GC invocations=36 (full 0):
 garbage-first heap   total reserved 8388608K, committed 221184K, used 121348K [0x0000000600000000, 0x0000000800000000)
  region size 4096K, 2 young (8192K), 2 survivors (8192K)
 Metaspace       used 95861K, committed 98240K, reserved 1179648K
  class space    used 13717K, committed 14848K, reserved 1048576K
}
Event: 37.424 GC heap before
{Heap before GC invocations=36 (full 0):
 garbage-first heap   total reserved 8388608K, committed 221184K, used 190980K [0x0000000600000000, 0x0000000800000000)
  region size 4096K, 19 young (77824K), 2 survivors (8192K)
 Metaspace       used 98775K, committed 101248K, reserved 1179648K
  class space    used 14130K, committed 15296K, reserved 1048576K
}
Event: 37.429 GC heap after
{Heap after GC invocations=37 (full 0):
 garbage-first heap   total reserved 8388608K, committed 221184K, used 127590K [0x0000000600000000, 0x0000000800000000)
  region size 4096K, 3 young (12288K), 3 survivors (12288K)
 Metaspace       used 98775K, committed 101248K, reserved 1179648K
  class space    used 14130K, committed 15296K, reserved 1048576K
}

Dll operation events (17 events):
Event: 0.011 Loaded shared library C:\Program Files\Java\jdk-22\bin\java.dll
Event: 0.034 Loaded shared library C:\Program Files\Java\jdk-22\bin\jsvml.dll
Event: 0.062 Loaded shared library C:\Program Files\Java\jdk-22\bin\zip.dll
Event: 0.066 Loaded shared library C:\Program Files\Java\jdk-22\bin\instrument.dll
Event: 0.070 Loaded shared library C:\Program Files\Java\jdk-22\bin\net.dll
Event: 0.072 Loaded shared library C:\Program Files\Java\jdk-22\bin\nio.dll
Event: 0.075 Loaded shared library C:\Program Files\Java\jdk-22\bin\zip.dll
Event: 0.254 Loaded shared library C:\Program Files\Java\jdk-22\bin\jimage.dll
Event: 0.352 Loaded shared library C:\Program Files\Java\jdk-22\bin\verify.dll
Event: 0.424 Loaded shared library C:\Users\ADVAN\.gradle\native\1def1411415f61bf3af743bc5b6707747c0891f09f0c88961ee8f79bc544acac\windows-amd64\native-platform.dll
Event: 0.432 Loaded shared library C:\Users\ADVAN\.gradle\native\0.2.7\x86_64-windows-gnu\gradle-fileevents.dll
Event: 1.103 Loaded shared library C:\Program Files\Java\jdk-22\bin\management.dll
Event: 1.107 Loaded shared library C:\Program Files\Java\jdk-22\bin\management_ext.dll
Event: 1.214 Loaded shared library C:\Program Files\Java\jdk-22\bin\extnet.dll
Event: 1.409 Loaded shared library C:\Program Files\Java\jdk-22\bin\sunmscapi.dll
Event: 12.945 Loaded shared library C:\Program Files\Java\jdk-22\bin\rmi.dll
Event: 36.311 Loaded shared library C:\Program Files\Java\jdk-22\bin\le.dll

Deoptimization events (20 events):
Event: 37.523 Thread 0x000001ac1edfe5f0 Uncommon trap: trap_request=0xffffffc6 fr.pc=0x000001abbab82b24 relative=0x0000000000000084
Event: 37.523 Thread 0x000001ac1edfe5f0 Uncommon trap: reason=bimorphic_or_optimized_type_check action=maybe_recompile pc=0x000001abbab82b24 method=java.util.AbstractMap.isEmpty()Z @ 1 c2
Event: 37.523 Thread 0x000001ac1edfe5f0 DEOPT PACKING pc=0x000001abbab82b24 sp=0x0000009fdbbf43a0
Event: 37.523 Thread 0x000001ac1edfe5f0 DEOPT UNPACKING pc=0x000001abba0e46a2 sp=0x0000009fdbbf4330 mode 2
Event: 37.534 Thread 0x000001ac1edfe5f0 Uncommon trap: trap_request=0xffffff45 fr.pc=0x000001abba6cc2cc relative=0x00000000000005cc
Event: 37.534 Thread 0x000001ac1edfe5f0 Uncommon trap: reason=unstable_if action=reinterpret pc=0x000001abba6cc2cc method=java.lang.AbstractStringBuilder.appendChars(Ljava/lang/String;II)V @ 11 c2
Event: 37.534 Thread 0x000001ac1edfe5f0 DEOPT PACKING pc=0x000001abba6cc2cc sp=0x0000009fdbbf4000
Event: 37.534 Thread 0x000001ac1edfe5f0 DEOPT UNPACKING pc=0x000001abba0e46a2 sp=0x0000009fdbbf3f40 mode 2
Event: 37.534 Thread 0x000001ac1edfe5f0 Uncommon trap: trap_request=0xffffff45 fr.pc=0x000001abba713400 relative=0x00000000000004c0
Event: 37.534 Thread 0x000001ac1edfe5f0 Uncommon trap: reason=unstable_if action=reinterpret pc=0x000001abba713400 method=java.lang.String.<init>(Ljava/lang/AbstractStringBuilder;Ljava/lang/Void;)V @ 19 c2
Event: 37.534 Thread 0x000001ac1edfe5f0 DEOPT PACKING pc=0x000001abba713400 sp=0x0000009fdbbf40c0
Event: 37.534 Thread 0x000001ac1edfe5f0 DEOPT UNPACKING pc=0x000001abba0e46a2 sp=0x0000009fdbbf4078 mode 2
Event: 37.534 Thread 0x000001ac1edfe5f0 Uncommon trap: trap_request=0xffffff45 fr.pc=0x000001abba685cd4 relative=0x0000000000000574
Event: 37.534 Thread 0x000001ac1edfe5f0 Uncommon trap: reason=unstable_if action=reinterpret pc=0x000001abba685cd4 method=java.lang.AbstractStringBuilder.inflateIfNeededFor(Ljava/lang/String;)V @ 14 c2
Event: 37.534 Thread 0x000001ac1edfe5f0 DEOPT PACKING pc=0x000001abba685cd4 sp=0x0000009fdbbf4080
Event: 37.534 Thread 0x000001ac1edfe5f0 DEOPT UNPACKING pc=0x000001abba0e46a2 sp=0x0000009fdbbf3f78 mode 2
Event: 37.534 Thread 0x000001ac1edfe5f0 Uncommon trap: trap_request=0xffffff45 fr.pc=0x000001abba67c090 relative=0x00000000000000f0
Event: 37.534 Thread 0x000001ac1edfe5f0 Uncommon trap: reason=unstable_if action=reinterpret pc=0x000001abba67c090 method=java.lang.String.getBytes([BIB)V @ 5 c2
Event: 37.534 Thread 0x000001ac1edfe5f0 DEOPT PACKING pc=0x000001abba67c090 sp=0x0000009fdbbf3fa0
Event: 37.534 Thread 0x000001ac1edfe5f0 DEOPT UNPACKING pc=0x000001abba0e46a2 sp=0x0000009fdbbf3f68 mode 2

Classes loaded (20 events):
Event: 36.357 Loading class java/io/BufferedReader$1
Event: 36.357 Loading class java/io/BufferedReader$1 done
Event: 36.372 Loading class java/io/ProxyingConsole
Event: 36.372 Loading class java/io/ProxyingConsole done
Event: 36.372 Loading class java/io/Console$1
Event: 36.372 Loading class jdk/internal/access/JavaIOAccess
Event: 36.372 Loading class jdk/internal/access/JavaIOAccess done
Event: 36.373 Loading class java/io/Console$1 done
Event: 37.442 Loading class java/util/concurrent/atomic/AtomicIntegerArray
Event: 37.442 Loading class java/util/concurrent/atomic/AtomicIntegerArray done
Event: 37.443 Loading class java/util/Currency
Event: 37.444 Loading class java/util/Currency done
Event: 37.447 Loading class java/util/concurrent/atomic/AtomicLongArray
Event: 37.447 Loading class java/util/concurrent/atomic/AtomicLongArray done
Event: 37.466 Loading class sun/reflect/generics/repository/FieldRepository
Event: 37.466 Loading class sun/reflect/generics/repository/FieldRepository done
Event: 37.477 Loading class jdk/internal/vm/annotation/ForceInline
Event: 37.477 Loading class jdk/internal/vm/annotation/ForceInline done
Event: 37.534 Loading class java/util/regex/Pattern$Caret
Event: 37.535 Loading class java/util/regex/Pattern$Caret done

Classes unloaded (0 events):
No events

Classes redefined (0 events):
No events

Internal exceptions (20 events):
Event: 36.313 Thread 0x000001ac1edfe5f0 Exception <a 'jdk/internal/org/jline/terminal/impl/jna/LastErrorException'{0x0000000609e49ac8}> (0x0000000609e49ac8) 
thrown [s\open\src\hotspot\share\prims\jni.cpp, line 520]
Event: 36.499 Thread 0x000001ac1edfe5f0 Exception <a 'java/lang/ClassNotFoundException'{0x00000006092f2538}: org/gradle/api/internal/plugins/NaggingBasePluginConventionBeanInfo> (0x00000006092f2538) 
thrown [s\open\src\hotspot\share\classfile\systemDictionary.cpp, line 313]
Event: 36.500 Thread 0x000001ac1edfe5f0 Exception <a 'java/lang/ClassNotFoundException'{0x000000060930e1a8}: org/gradle/api/plugins/BasePluginConventionBeanInfo> (0x000000060930e1a8) 
thrown [s\open\src\hotspot\share\classfile\systemDictionary.cpp, line 313]
Event: 36.501 Thread 0x000001ac1edfe5f0 Exception <a 'java/lang/ClassNotFoundException'{0x0000000609329de8}: org/gradle/api/plugins/BasePluginConventionCustomizer> (0x0000000609329de8) 
thrown [s\open\src\hotspot\share\classfile\systemDictionary.cpp, line 313]
Event: 36.503 Thread 0x000001ac1edfe5f0 Exception <a 'java/lang/ClassNotFoundException'{0x0000000609351e60}: org/gradle/api/internal/plugins/NaggingBasePluginConventionCustomizer> (0x0000000609351e60) 
thrown [s\open\src\hotspot\share\classfile\systemDictionary.cpp, line 313]
Event: 36.506 Thread 0x000001ac1edfe5f0 Exception <a 'java/lang/ClassNotFoundException'{0x00000006093a1410}: org/gradle/api/plugins/internal/NaggingJavaPluginConventionBeanInfo> (0x00000006093a1410) 
thrown [s\open\src\hotspot\share\classfile\systemDictionary.cpp, line 313]
Event: 36.507 Thread 0x000001ac1edfe5f0 Exception <a 'java/lang/ClassNotFoundException'{0x00000006093bd088}: org/gradle/api/plugins/JavaPluginConventionBeanInfo> (0x00000006093bd088) 
thrown [s\open\src\hotspot\share\classfile\systemDictionary.cpp, line 313]
Event: 36.508 Thread 0x000001ac1edfe5f0 Exception <a 'java/lang/ClassNotFoundException'{0x00000006093d8cc0}: org/gradle/api/plugins/JavaPluginConventionCustomizer> (0x00000006093d8cc0) 
thrown [s\open\src\hotspot\share\classfile\systemDictionary.cpp, line 313]
Event: 36.510 Thread 0x000001ac1edfe5f0 Exception <a 'java/lang/ClassNotFoundException'{0x0000000608c0aa78}: org/gradle/api/plugins/internal/NaggingJavaPluginConventionCustomizer> (0x0000000608c0aa78) 
thrown [s\open\src\hotspot\share\classfile\systemDictionary.cpp, line 313]
Event: 36.515 Thread 0x000001ac1edfe5f0 Exception <a 'java/lang/ClassNotFoundException'{0x0000000608c86e48}: org/gradle/plugin/software/internal/SoftwareFeaturesDynamicObject_DecoratedBeanInfo> (0x0000000608c86e48) 
thrown [s\open\src\hotspot\share\classfile\systemDictionary.cpp, line 313]
Event: 36.516 Thread 0x000001ac1edfe5f0 Exception <a 'java/lang/ClassNotFoundException'{0x0000000608ca0b28}: org/gradle/plugin/software/internal/SoftwareFeaturesDynamicObjectBeanInfo> (0x0000000608ca0b28) 
thrown [s\open\src\hotspot\share\classfile\systemDictionary.cpp, line 313]
Event: 36.517 Thread 0x000001ac1edfe5f0 Exception <a 'java/lang/ClassNotFoundException'{0x0000000608cba228}: org/gradle/internal/metaobject/AbstractDynamicObjectBeanInfo> (0x0000000608cba228) 
thrown [s\open\src\hotspot\share\classfile\systemDictionary.cpp, line 313]
Event: 36.518 Thread 0x000001ac1edfe5f0 Exception <a 'java/lang/ClassNotFoundException'{0x0000000608cd3bd0}: org/gradle/internal/metaobject/AbstractDynamicObjectCustomizer> (0x0000000608cd3bd0) 
thrown [s\open\src\hotspot\share\classfile\systemDictionary.cpp, line 313]
Event: 36.519 Thread 0x000001ac1edfe5f0 Exception <a 'java/lang/ClassNotFoundException'{0x0000000608cf9b60}: org/gradle/plugin/software/internal/SoftwareFeaturesDynamicObjectCustomizer> (0x0000000608cf9b60) 
thrown [s\open\src\hotspot\share\classfile\systemDictionary.cpp, line 313]
Event: 36.521 Thread 0x000001ac1edfe5f0 Exception <a 'java/lang/ClassNotFoundException'{0x0000000608d1ae38}: org/gradle/plugin/software/internal/SoftwareFeaturesDynamicObject_DecoratedCustomizer> (0x0000000608d1ae38) 
thrown [s\open\src\hotspot\share\classfile\systemDictionary.cpp, line 313]
Event: 36.526 Thread 0x000001ac1edfe5f0 Exception <a 'java/lang/NoSuchMethodError'{0x0000000608d61ee0}: 'java.lang.Object java.lang.invoke.DirectMethodHandle$Holder.newInvokeSpecial(java.lang.Object, java.lang.Object, java.lang.Object, java.lang.Object, java.lang.Object, java.lang.Object, java.lang.Object, java.lang.Object, java.lang.Object, java.lang.Object, java.lang.Object, java.lang.Object, java.lang.Object, java.lang.Object, java.lang.Object, java.lang.Object, java.lang.Object, java.lang.Object)'> (0x0000000608d61ee0) 
thrown [s\open\src\ho
Event: 36.527 Thread 0x000001ac1edfe5f0 Exception <a 'java/lang/NoSuchMethodError'{0x0000000608d69498}: 'java.lang.Object java.lang.invoke.DirectMethodHandle$Holder.invokeSpecial(java.lang.Object, java.lang.Object, java.lang.Object, java.lang.Object, java.lang.Object, java.lang.Object, java.lang.Object, java.lang.Object, java.lang.Object, java.lang.Object, java.lang.Object, java.lang.Object, java.lang.Object, java.lang.Object, java.lang.Object, java.lang.Object, java.lang.Object, java.lang.Object, java.lang.Object)'> (0x0000000608d69498) 
thrown
Event: 36.527 Thread 0x000001ac1edfe5f0 Exception <a 'java/lang/NoSuchMethodError'{0x0000000608d6f8b0}: 'java.lang.Object java.lang.invoke.DelegatingMethodHandle$Holder.reinvoke_L(java.lang.Object, java.lang.Object, java.lang.Object, java.lang.Object, java.lang.Object, java.lang.Object, java.lang.Object, java.lang.Object, java.lang.Object, java.lang.Object, java.lang.Object, java.lang.Object, java.lang.Object, java.lang.Object, java.lang.Object, java.lang.Object, java.lang.Object, java.lang.Object)'> (0x0000000608d6f8b0) 
thrown [s\open\src\hots
Event: 37.246 Thread 0x000001ac1edfe5f0 Exception <a 'java/lang/NoSuchMethodError'{0x0000000609fd4cc0}: 'java.lang.Object java.lang.invoke.DirectMethodHandle$Holder.newInvokeSpecial(java.lang.Object, java.lang.Object, java.lang.Object, java.lang.Object, java.lang.Object, java.lang.Object, java.lang.Object, java.lang.Object, java.lang.Object, java.lang.Object, java.lang.Object, java.lang.Object, java.lang.Object, java.lang.Object)'> (0x0000000609fd4cc0) 
thrown [s\open\src\hotspot\share\interpreter\linkResolver.cpp, line 774]
Event: 37.478 Thread 0x000001ac1edfe5f0 Exception <a 'java/lang/NoSuchMethodError'{0x000000060caac990}: 'void java.lang.invoke.Invokers$Holder.invokeExact_MT(java.lang.Object, java.lang.Object, java.lang.Object, java.lang.Object)'> (0x000000060caac990) 
thrown [s\open\src\hotspot\share\interpreter\linkResolver.cpp, line 774]

ZGC Phase Switch (0 events):
No events

VM Operations (20 events):
Event: 33.559 Executing VM operation: G1CollectForAllocation (G1 Evacuation Pause)
Event: 33.562 Executing VM operation: G1CollectForAllocation (G1 Evacuation Pause) done
Event: 33.919 Executing VM operation: G1CollectForAllocation (G1 Evacuation Pause)
Event: 33.924 Executing VM operation: G1CollectForAllocation (G1 Evacuation Pause) done
Event: 34.444 Executing VM operation: G1CollectForAllocation (G1 Evacuation Pause)
Event: 34.647 Executing VM operation: G1CollectForAllocation (G1 Evacuation Pause) done
Event: 35.656 Executing VM operation: Cleanup
Event: 36.284 Executing VM operation: Cleanup done
Event: 36.355 Executing VM operation: HandshakeAllThreads (Deoptimize)
Event: 36.355 Executing VM operation: HandshakeAllThreads (Deoptimize) done
Event: 36.356 Executing VM operation: HandshakeAllThreads (Deoptimize)
Event: 36.357 Executing VM operation: HandshakeAllThreads (Deoptimize) done
Event: 36.574 Executing VM operation: G1CollectForAllocation (G1 Evacuation Pause)
Event: 36.577 Executing VM operation: G1CollectForAllocation (G1 Evacuation Pause) done
Event: 37.186 Executing VM operation: HandshakeAllThreads (Deoptimize)
Event: 37.187 Executing VM operation: HandshakeAllThreads (Deoptimize) done
Event: 37.424 Executing VM operation: G1CollectForAllocation (G1 Evacuation Pause)
Event: 37.429 Executing VM operation: G1CollectForAllocation (G1 Evacuation Pause) done
Event: 38.431 Executing VM operation: Cleanup
Event: 38.431 Executing VM operation: Cleanup done

Memory protections (0 events):
No events

Nmethod flushes (20 events):
Event: 33.167 Thread 0x000001abd4c887b0 flushing  nmethod 0x000001abaa51e690
Event: 33.167 Thread 0x000001abd4c887b0 flushing  nmethod 0x000001abaa520b90
Event: 33.167 Thread 0x000001abd4c887b0 flushing  nmethod 0x000001abaa5a7c10
Event: 33.167 Thread 0x000001abd4c887b0 flushing  nmethod 0x000001abaa5ac010
Event: 33.167 Thread 0x000001abd4c887b0 flushing  nmethod 0x000001abaa5b0d10
Event: 33.167 Thread 0x000001abd4c887b0 flushing  nmethod 0x000001abaa638590
Event: 33.167 Thread 0x000001abd4c887b0 flushing  nmethod 0x000001abaa98e490
Event: 33.167 Thread 0x000001abd4c887b0 flushing  nmethod 0x000001abaa992690
Event: 33.167 Thread 0x000001abd4c887b0 flushing  nmethod 0x000001abaab56f90
Event: 33.167 Thread 0x000001abd4c887b0 flushing  nmethod 0x000001abaad6b510
Event: 33.167 Thread 0x000001abd4c887b0 flushing  nmethod 0x000001abaadcd890
Event: 33.167 Thread 0x000001abd4c887b0 flushing  nmethod 0x000001abaadd0290
Event: 33.167 Thread 0x000001abd4c887b0 flushing  nmethod 0x000001abaadfc910
Event: 33.167 Thread 0x000001abd4c887b0 flushing  nmethod 0x000001abaae4bf10
Event: 33.167 Thread 0x000001abd4c887b0 flushing  nmethod 0x000001abaafb8710
Event: 33.167 Thread 0x000001abd4c887b0 flushing  nmethod 0x000001abab137210
Event: 33.167 Thread 0x000001abd4c887b0 flushing  nmethod 0x000001abab17f810
Event: 33.167 Thread 0x000001abd4c887b0 flushing  nmethod 0x000001abab1b7e10
Event: 33.167 Thread 0x000001abd4c887b0 flushing  nmethod 0x000001abab3a7810
Event: 33.167 Thread 0x000001abd4c887b0 flushing  nmethod 0x000001abab445b10

Events (20 events):
Event: 31.979 Thread 0x000001ac1edfe5f0 Thread added: 0x000001ac1fe51a00
Event: 31.979 Thread 0x000001ac1edfe5f0 Thread added: 0x000001ac1fe52090
Event: 31.979 Thread 0x000001ac1edfe5f0 Thread added: 0x000001ac1fe50650
Event: 31.980 Thread 0x000001ac1edfe5f0 Thread added: 0x000001ac1fe52720
Event: 31.980 Thread 0x000001ac1edfe5f0 Thread added: 0x000001ac1fe52db0
Event: 33.355 Thread 0x000001ac2373ec50 Thread exited: 0x000001ac2373ec50
Event: 33.728 Thread 0x000001ac2373d7e0 Thread added: 0x000001ac23f6e4e0
Event: 34.656 Thread 0x000001ac2373d7e0 Thread exited: 0x000001ac2373d7e0
Event: 34.656 Thread 0x000001ac23f6e4e0 Thread exited: 0x000001ac23f6e4e0
Event: 34.816 Thread 0x000001ac1edfe5f0 Thread added: 0x000001ac1fe57c70
Event: 35.196 Thread 0x000001abd4cc2af0 Thread added: 0x000001ac23f6f280
Event: 35.198 Thread 0x000001abd4cc2af0 Thread added: 0x000001ac23f70020
Event: 36.327 Thread 0x000001ac23f70020 Thread exited: 0x000001ac23f70020
Event: 36.327 Thread 0x000001ac23f6f280 Thread exited: 0x000001ac23f6f280
Event: 36.365 Thread 0x000001abd4cc2af0 Thread added: 0x000001ac23f6f280
Event: 36.366 Thread 0x000001ac23f6f280 Thread added: 0x000001ac23f6d740
Event: 37.475 Thread 0x000001ac23f6d740 Thread exited: 0x000001ac23f6d740
Event: 37.475 Thread 0x000001ac23f6f280 Thread exited: 0x000001ac23f6f280
Event: 37.483 Thread 0x000001abd4cc2af0 Thread added: 0x000001ac23f6f280
Event: 37.548 Thread 0x000001abd4cc2af0 Thread added: 0x000001ac23f71490


Dynamic libraries:
0x00007ff7fd370000 - 0x00007ff7fd380000 	C:\Program Files\Java\jdk-22\bin\java.exe
0x00007ffa166c0000 - 0x00007ffa16927000 	C:\WINDOWS\SYSTEM32\ntdll.dll
0x00007ffa14bc0000 - 0x00007ffa14c89000 	C:\WINDOWS\System32\KERNEL32.DLL
0x00007ffa12f90000 - 0x00007ffa13384000 	C:\WINDOWS\System32\KERNELBASE.dll
0x00007ffa14300000 - 0x00007ffa1444b000 	C:\WINDOWS\System32\ucrtbase.dll
0x00007ffa0c270000 - 0x00007ffa0c287000 	C:\Program Files\Java\jdk-22\bin\jli.dll
0x00007ffa000c0000 - 0x00007ffa000db000 	C:\Program Files\Java\jdk-22\bin\VCRUNTIME140.dll
0x00007ffa149f0000 - 0x00007ffa14bb5000 	C:\WINDOWS\System32\USER32.dll
0x00007ffa13630000 - 0x00007ffa13657000 	C:\WINDOWS\System32\win32u.dll
0x00007ffa149c0000 - 0x00007ffa149eb000 	C:\WINDOWS\System32\GDI32.dll
0x00007ffa03bf0000 - 0x00007ffa03e83000 	C:\WINDOWS\WinSxS\amd64_microsoft.windows.common-controls_6595b64144ccf1df_6.0.26100.8115_none_3e075c82e3354f9c\COMCTL32.dll
0x00007ffa14ea0000 - 0x00007ffa14f49000 	C:\WINDOWS\System32\msvcrt.dll
0x00007ffa13440000 - 0x00007ffa1356b000 	C:\WINDOWS\System32\gdi32full.dll
0x00007ffa141c0000 - 0x00007ffa14263000 	C:\WINDOWS\System32\msvcp_win.dll
0x00007ffa14e60000 - 0x00007ffa14e92000 	C:\WINDOWS\System32\IMM32.DLL
0x00007ffa0dee0000 - 0x00007ffa0deec000 	C:\Program Files\Java\jdk-22\bin\vcruntime140_1.dll
0x00007ff9ccdd0000 - 0x00007ff9cce5e000 	C:\Program Files\Java\jdk-22\bin\msvcp140.dll
0x00007ff9c6da0000 - 0x00007ff9c7ae9000 	C:\Program Files\Java\jdk-22\bin\server\jvm.dll
0x00007ffa14f50000 - 0x00007ffa15006000 	C:\WINDOWS\System32\ADVAPI32.dll
0x00007ffa14600000 - 0x00007ffa146a7000 	C:\WINDOWS\System32\sechost.dll
0x00007ffa14450000 - 0x00007ffa14568000 	C:\WINDOWS\System32\RPCRT4.dll
0x00007ffa15e80000 - 0x00007ffa15f00000 	C:\WINDOWS\System32\WS2_32.dll
0x00007ffa12e10000 - 0x00007ffa12e6e000 	C:\WINDOWS\SYSTEM32\POWRPROF.dll
0x00007ffa0ba90000 - 0x00007ffa0ba9b000 	C:\WINDOWS\SYSTEM32\VERSION.dll
0x00007ffa0a600000 - 0x00007ffa0a636000 	C:\WINDOWS\SYSTEM32\WINMM.dll
0x00007ffa12df0000 - 0x00007ffa12e04000 	C:\WINDOWS\SYSTEM32\UMPDC.dll
0x00007ffa11d20000 - 0x00007ffa11d3b000 	C:\WINDOWS\SYSTEM32\kernel.appcore.dll
0x00007ffa0be50000 - 0x00007ffa0be5a000 	C:\Program Files\Java\jdk-22\bin\jimage.dll
0x00007ffa109c0000 - 0x00007ffa10c02000 	C:\WINDOWS\SYSTEM32\DBGHELP.DLL
0x00007ffa15650000 - 0x00007ffa159d2000 	C:\WINDOWS\System32\combase.dll
0x00007ffa15b70000 - 0x00007ffa15c48000 	C:\WINDOWS\System32\OLEAUT32.dll
0x00007ff9f6820000 - 0x00007ff9f685b000 	C:\WINDOWS\SYSTEM32\dbgcore.DLL
0x00007ffa13390000 - 0x00007ffa13435000 	C:\WINDOWS\System32\bcryptPrimitives.dll
0x00007ffa04260000 - 0x00007ffa0426f000 	C:\Program Files\Java\jdk-22\bin\instrument.dll
0x00007ff9fd600000 - 0x00007ff9fd61e000 	C:\Program Files\Java\jdk-22\bin\java.dll
0x00007ffa15f10000 - 0x00007ffa16677000 	C:\WINDOWS\System32\SHELL32.dll
0x00007ffa137e0000 - 0x00007ffa1394a000 	C:\WINDOWS\System32\wintypes.dll
0x00007ffa15c60000 - 0x00007ffa15df7000 	C:\WINDOWS\System32\ole32.dll
0x00007ffa13950000 - 0x00007ffa141b8000 	C:\WINDOWS\System32\windows.storage.dll
0x00007ffa14d60000 - 0x00007ffa14e58000 	C:\WINDOWS\System32\SHCORE.dll
0x00007ffa150d0000 - 0x00007ffa15136000 	C:\WINDOWS\System32\shlwapi.dll
0x00007ffa12eb0000 - 0x00007ffa12ed9000 	C:\WINDOWS\SYSTEM32\profapi.dll
0x00007ff9c6cc0000 - 0x00007ff9c6d97000 	C:\Program Files\Java\jdk-22\bin\jsvml.dll
0x00007ff9f8e10000 - 0x00007ff9f8e27000 	C:\Program Files\Java\jdk-22\bin\zip.dll
0x00007ffa00070000 - 0x00007ffa00080000 	C:\Program Files\Java\jdk-22\bin\net.dll
0x00007ffa12290000 - 0x00007ffa122fc000 	C:\WINDOWS\system32\mswsock.dll
0x00007ff9f8810000 - 0x00007ff9f8826000 	C:\Program Files\Java\jdk-22\bin\nio.dll
0x00007ff9f8800000 - 0x00007ff9f8810000 	C:\Program Files\Java\jdk-22\bin\verify.dll
0x00007ff9fd620000 - 0x00007ff9fd647000 	C:\Users\ADVAN\.gradle\native\1def1411415f61bf3af743bc5b6707747c0891f09f0c88961ee8f79bc544acac\windows-amd64\native-platform.dll
0x00007ffa00b40000 - 0x00007ffa00bb8000 	C:\Users\ADVAN\.gradle\native\0.2.7\x86_64-windows-gnu\gradle-fileevents.dll
0x00007ffa01570000 - 0x00007ffa0157a000 	C:\Program Files\Java\jdk-22\bin\management.dll
0x00007ffa013e0000 - 0x00007ffa013eb000 	C:\Program Files\Java\jdk-22\bin\management_ext.dll
0x00007ffa15e10000 - 0x00007ffa15e18000 	C:\WINDOWS\System32\PSAPI.DLL
0x00007ffa11720000 - 0x00007ffa11752000 	C:\WINDOWS\SYSTEM32\IPHLPAPI.DLL
0x00007ffa15c50000 - 0x00007ffa15c5a000 	C:\WINDOWS\System32\NSI.dll
0x00007ffa000b0000 - 0x00007ffa000b9000 	C:\Program Files\Java\jdk-22\bin\extnet.dll
0x00007ffa12570000 - 0x00007ffa1258b000 	C:\WINDOWS\SYSTEM32\CRYPTSP.dll
0x00007ffa11c80000 - 0x00007ffa11cb9000 	C:\WINDOWS\system32\rsaenh.dll
0x00007ffa12340000 - 0x00007ffa12373000 	C:\WINDOWS\SYSTEM32\USERENV.dll
0x00007ffa12e80000 - 0x00007ffa12eaa000 	C:\WINDOWS\SYSTEM32\bcrypt.dll
0x00007ffa12590000 - 0x00007ffa1259c000 	C:\WINDOWS\SYSTEM32\CRYPTBASE.dll
0x00007ffa00090000 - 0x00007ffa0009e000 	C:\Program Files\Java\jdk-22\bin\sunmscapi.dll
0x00007ffa13660000 - 0x00007ffa137d7000 	C:\WINDOWS\System32\CRYPT32.dll
0x00007ffa12790000 - 0x00007ffa127c0000 	C:\WINDOWS\SYSTEM32\ncrypt.dll
0x00007ffa12740000 - 0x00007ffa1277f000 	C:\WINDOWS\SYSTEM32\NTASN1.dll
0x00007ff9e0390000 - 0x00007ff9e0398000 	C:\WINDOWS\system32\wshunix.dll
0x00007ff9c5660000 - 0x00007ff9c5678000 	C:\WINDOWS\system32\napinsp.dll
0x00007ffa117b0000 - 0x00007ffa118e2000 	C:\WINDOWS\SYSTEM32\DNSAPI.dll
0x00007ff9c5680000 - 0x00007ff9c5693000 	C:\WINDOWS\System32\winrnr.dll
0x00007ff9c56a0000 - 0x00007ff9c56c2000 	C:\WINDOWS\system32\nlansp_c.dll
0x00007ffa0a9e0000 - 0x00007ffa0a9f6000 	C:\WINDOWS\system32\wshbth.dll
0x00007ffa0bea0000 - 0x00007ffa0beab000 	C:\Windows\System32\rasadhlp.dll
0x00007ffa099e0000 - 0x00007ffa09a66000 	C:\WINDOWS\System32\fwpuclnt.dll
0x00007ffa00080000 - 0x00007ffa00087000 	C:\Program Files\Java\jdk-22\bin\rmi.dll
0x00007ffa0dfc0000 - 0x00007ffa0dfcb000 	C:\Program Files\Java\jdk-22\bin\le.dll

dbghelp: loaded successfully - version: 4.0.5 - missing functions: none
symbol engine: initialized successfully - sym options: 0x614 - pdb path: .;C:\Program Files\Java\jdk-22\bin;C:\WINDOWS\SYSTEM32;C:\WINDOWS\WinSxS\amd64_microsoft.windows.common-controls_6595b64144ccf1df_6.0.26100.8115_none_3e075c82e3354f9c;C:\Program Files\Java\jdk-22\bin\server;C:\Users\ADVAN\.gradle\native\1def1411415f61bf3af743bc5b6707747c0891f09f0c88961ee8f79bc544acac\windows-amd64;C:\Users\ADVAN\.gradle\native\0.2.7\x86_64-windows-gnu

VM Arguments:
jvm_args: --add-opens=java.base/java.lang=ALL-UNNAMED --add-opens=java.base/java.lang.invoke=ALL-UNNAMED --add-opens=java.base/java.util=ALL-UNNAMED --add-opens=java.prefs/java.util.prefs=ALL-UNNAMED --add-exports=jdk.compiler/com.sun.tools.javac.api=ALL-UNNAMED --add-exports=jdk.compiler/com.sun.tools.javac.util=ALL-UNNAMED --add-opens=java.base/java.util=ALL-UNNAMED --add-opens=java.prefs/java.util.prefs=ALL-UNNAMED --add-opens=java.base/java.nio.charset=ALL-UNNAMED --add-opens=java.base/java.net=ALL-UNNAMED --add-opens=java.base/java.util.concurrent.atomic=ALL-UNNAMED --add-opens=java.xml/javax.xml.namespace=ALL-UNNAMED -XX:MaxMetaspaceSize=4G -XX:ReservedCodeCacheSize=512m -XX:+HeapDumpOnOutOfMemoryError -Xmx8G -Dfile.encoding=UTF-8 -Duser.country=ID -Duser.language=id -Duser.variant -javaagent:C:\Users\ADVAN\.gradle\wrapper\dists\gradle-8.14-all\c2qonpi39x1mddn7hk5gh9iqj\gradle-8.14\lib\agents\gradle-instrumentation-agent-8.14.jar 
java_command: org.gradle.launcher.daemon.bootstrap.GradleDaemon 8.14
java_class_path (initial): C:\Users\ADVAN\.gradle\wrapper\dists\gradle-8.14-all\c2qonpi39x1mddn7hk5gh9iqj\gradle-8.14\lib\gradle-daemon-main-8.14.jar
Launcher Type: SUN_STANDARD

[Global flags]
     intx CICompilerCount                          = 4                                         {product} {ergonomic}
     uint ConcGCThreads                            = 3                                         {product} {ergonomic}
     uint G1ConcRefinementThreads                  = 10                                        {product} {ergonomic}
   size_t G1HeapRegionSize                         = 4194304                                   {product} {ergonomic}
     bool HeapDumpOnOutOfMemoryError               = true                                   {manageable} {command line}
   size_t InitialHeapSize                          = 255852544                                 {product} {ergonomic}
   size_t MarkStackSize                            = 4194304                                   {product} {ergonomic}
   size_t MaxHeapSize                              = 8589934592                                {product} {command line}
   size_t MaxMetaspaceSize                         = 4294967296                                {product} {command line}
   size_t MaxNewSize                               = 5150605312                                {product} {ergonomic}
   size_t MinHeapDeltaBytes                        = 4194304                                   {product} {ergonomic}
   size_t MinHeapSize                              = 8388608                                   {product} {ergonomic}
    uintx NonNMethodCodeHeapSize                   = 5839372                                {pd product} {ergonomic}
    uintx NonProfiledCodeHeapSize                  = 265515770                              {pd product} {ergonomic}
    uintx ProfiledCodeHeapSize                     = 265515770                              {pd product} {ergonomic}
    uintx ReservedCodeCacheSize                    = 536870912                              {pd product} {command line}
     bool SegmentedCodeCache                       = true                                      {product} {ergonomic}
   size_t SoftMaxHeapSize                          = 8589934592                             {manageable} {ergonomic}
     bool UseCompressedOops                        = true                           {product lp64_product} {ergonomic}
     bool UseG1GC                                  = true                                      {product} {ergonomic}
     bool UseLargePagesIndividualAllocation        = false                                  {pd product} {ergonomic}

Logging:
Log output configuration:
 #0: stdout all=warning uptime,level,tags foldmultilines=false
 #1: stderr all=off uptime,level,tags foldmultilines=false

Environment Variables:
PATH=C:\Users\ADVAN\AppData\Local\Programs\Microsoft VS Code;C:\Program Files\Common Files\Oracle\Java\javapath;C:\WINDOWS\system32;C:\WINDOWS;C:\WINDOWS\System32\Wbem;C:\WINDOWS\System32\WindowsPowerShell\v1.0\;C:\WINDOWS\System32\OpenSSH\;C:\Program Files\Git\cmd;C:\src\flutter\bin;C:\Users\ADVAN\AppData\Local\Yarn\config\global\node_modules\.bin;C:\Users\ADVAN\AppData\Roaming\Composer\vendor\bin;C:\Users\ADVAN\AppData\Roaming\npm;D:\POLINEMB\laragon\bin;D:\POLINEMB\laragon\bin\apache\httpd-2.4.62-win64-VS17\bin;D:\POLINEMB\laragon\bin\composer;D:\POLINEMB\laragon\bin\git\bin;D:\POLINEMB\laragon\bin\git\cmd;D:\POLINEMB\laragon\bin\git\mingw64\bin;D:\POLINEMB\laragon\bin\git\usr\bin;D:\POLINEMB\laragon\bin\laragon\utils;D:\POLINEMB\laragon\bin\mysql\mysql-8.0.30-winx64\bin;D:\POLINEMB\laragon\bin\nginx\nginx-1.22.0;D:\POLINEMB\laragon\bin\ngrok;D:\POLINEMB\laragon\bin\nodejs\node-v18;D:\POLINEMB\laragon\bin\notepad++;D:\POLINEMB\laragon\bin\php\php-8.3.24-Win32-vs16-x64;D:\POLINEMB\laragon\bin\python\python-3.10;D:\POLINEMB\laragon\bin\python\python-3.10\Scripts;D:\POLINEMB\laragon\bin\redis\redis-x64-5.0.14.1;D:\POLINEMB\laragon\bin\telnet;D:\POLINEMB\laragon\usr\bin;C:\Users\ADVAN\AppData\Local\Microsoft\WindowsApps;C:\Program Files\Java\jdk-22\bin;C:\Users\ADVAN\AppData\Local\Programs\Microsoft VS Code\bin;C:\src\flutter\bin;
USERNAME=ADVAN
OS=Windows_NT
PROCESSOR_IDENTIFIER=AMD64 Family 25 Model 68 Stepping 1, AuthenticAMD
TMP=C:\Users\ADVAN\AppData\Local\Temp
TEMP=C:\Users\ADVAN\AppData\Local\Temp




Periodic native trim disabled

---------------  S Y S T E M  ---------------

OS:
 Windows 11 , 64 bit Build 26100 (10.0.26100.8246)
OS uptime: 8 days 15:47 hours

CPU: total 12 (initial active 12) (12 cores per cpu, 2 threads per core) family 25 model 68 stepping 1 microcode 0xa404102, cx8, cmov, fxsr, ht, mmx, 3dnowpref, sse, sse2, sse3, ssse3, sse4a, sse4.1, sse4.2, popcnt, lzcnt, tsc, tscinvbit, avx, avx2, aes, erms, clmul, bmi1, bmi2, adx, sha, fma, vzeroupper, clflush, clflushopt, rdtscp, rdpid, fsrm, f16c, pku, cet_ss
Processor Information for all 12 processors :
  Max Mhz: 3301, Current Mhz: 2640, Mhz Limit: 3301

Memory: 4k page, system-wide physical 15613M (2119M free)
TotalPageFile size 19709M (AvailPageFile size 1M)
current process WorkingSet (physical memory assigned to process): 519M, peak: 519M
current process commit charge ("private bytes"): 566M, peak: 567M

vm_info: Java HotSpot(TM) 64-Bit Server VM (22.0.2+9-70) for windows-amd64 JRE (22.0.2+9-70), built on 2024-06-04T16:52:23Z by "mach5one" with MS VC++ 17.6 (VS2022)

END.
